
U-Boot SPL 2024.04-ti-g29d0c23d67ee (Nov 29 2024 - 11:41:54 +0000)
SYSFW ABI: 4.0 (firmware rev 0x000a '10.1.8--v10.01.08 (Fiery Fox)')
SPL initial stack usage: 13568 bytes
Trying to boot from MMC2
Authentication passed
Authentication passed
Authentication passed
Authentication passed
Authentication passed
Starting ATF on ARM64 core...

NOTICE:  BL31: v2.11.0(release):v2.11.0-906-g58b25570c9-dirty
NOTICE:  BL31: Built : 04:20:32, Nov  1 2024

U-Boot SPL 2024.04-ti-g29d0c23d67ee (Nov 29 2024 - 11:41:54 +0000)
SYSFW ABI: 4.0 (firmware rev 0x000a '10.1.8--v10.01.08 (Fiery Fox)')
Trying to boot from MMC2
Authentication passed
Authentication passed


U-Boot 2024.04-ti-g29d0c23d67ee (Nov 29 2024 - 11:41:54 +0000)

SoC:   AM62AX SR1.0 HS-FS
Model: Texas Instruments AM62A7 SK
DRAM:  2 GiB (effective 4 GiB)
Core:  87 devices, 30 uclasses, devicetree: separate
MMC:   mmc@fa10000: 0, mmc@fa00000: 1
Loading Environment from nowhere... OK
In:    serial@2800000
Out:   serial@2800000
Err:   serial@2800000
Net:   eth0: ethernet@8000000port@1
Hit any key to stop autoboot:  2  1  0 
switch to partitions #0, OK
mmc1 is current device
SD/MMC found on device 1
653 bytes read in 33 ms (18.6 KiB/s)
Loaded env from uEnv.txt
Importing environment from mmc1 ...
53172 bytes read in 39 ms (1.3 MiB/s)
Warning: Did not detect image signing certificate. Skipping authentication to prevent boot failure. This will fail on Security Enforcing(HS-SE) devices
Load Remote Processor 0 with data@addr=0x82000000 53172 bytes: Success!
10719312 bytes read in 88 ms (116.2 MiB/s)
Warning: Did not detect image signing certificate. Skipping authentication to prevent boot failure. This will fail on Security Enforcing(HS-SE) devices
Load Remote Processor 2 with data@addr=0x82000000 10719312 bytes: Success!
21029376 bytes read in 252 ms (79.6 MiB/s)
61175 bytes read in 35 ms (1.7 MiB/s)
Working FDT set to 88000000
## Flattened Device Tree blob at 88000000
   Booting using the fdt blob at 0x88000000
Working FDT set to 88000000
   Loading Device Tree to 000000008feee000, end 000000008fffffff ... OK
Working FDT set to 8feee000

Starting kernel ...

[    0.000000] Booting Linux on physical CPU 0x0000000000 [0x410fd034]
[    0.000000] Linux version 6.6.58-ti-01497-ga7758da17c28-dirty (oe-user@oe-host) (aarch64-oe-linux-gcc (GCC) 13.3.0, GNU ld (GNU Binutils) 2.42.0.20240723) #1 SMP PREEMPT Wed Nov 27 13:23:15 UTC 2024
[    0.000000] KASLR disabled due to lack of seed
[    0.000000] Machine model: Texas Instruments AM62A7 SK
[    0.000000] earlycon: ns16550a0 at MMIO32 0x0000000002800000 (options '')
[    0.000000] printk: bootconsole [ns16550a0] enabled
[    0.000000] efi: UEFI not found.
[    0.000000] Reserved memory: created CMA memory pool at 0x00000000c0000000, size 576 MiB
[    0.000000] OF: reserved mem: initialized node linux,cma, compatible id shared-dma-pool
[    0.000000] OF: reserved mem: 0x00000000c0000000..0x00000000e3ffffff (589824 KiB) map reusable linux,cma
[    0.000000] OF: reserved mem: 0x0000000080000000..0x000000008007ffff (512 KiB) nomap non-reusable tfa@80000000
[    0.000000] Reserved memory: created DMA memory pool at 0x0000000099800000, size 1 MiB
[    0.000000] OF: reserved mem: initialized node c7x-dma-memory@99800000, compatible id shared-dma-pool
[    0.000000] OF: reserved mem: 0x0000000099800000..0x00000000998fffff (1024 KiB) nomap non-reusable c7x-dma-memory@99800000
[    0.000000] Reserved memory: created DMA memory pool at 0x0000000099900000, size 31 MiB
[    0.000000] OF: reserved mem: initialized node c7x-memory@99900000, compatible id shared-dma-pool
[    0.000000] OF: reserved mem: 0x0000000099900000..0x000000009b7fffff (31744 KiB) nomap non-reusable c7x-memory@99900000
[    0.000000] Reserved memory: created DMA memory pool at 0x000000009b800000, size 1 MiB
[    0.000000] OF: reserved mem: initialized node r5f-dma-memory@9b800000, compatible id shared-dma-pool
[    0.000000] OF: reserved mem: 0x000000009b800000..0x000000009b8fffff (1024 KiB) nomap non-reusable r5f-dma-memory@9b800000
[    0.000000] Reserved memory: created DMA memory pool at 0x000000009b900000, size 15 MiB
[    0.000000] OF: reserved mem: initialized node r5f-dma-memory@9b900000, compatible id shared-dma-pool
[    0.000000] OF: reserved mem: 0x000000009b900000..0x000000009c7fffff (15360 KiB) nomap non-reusable r5f-dma-memory@9b900000
[    0.000000] Reserved memory: created DMA memory pool at 0x000000009c800000, size 1 MiB
[    0.000000] OF: reserved mem: initialized node r5f-dma-memory@9c800000, compatible id shared-dma-pool
[    0.000000] OF: reserved mem: 0x000000009c800000..0x000000009c8fffff (1024 KiB) nomap non-reusable r5f-dma-memory@9c800000
[    0.000000] Reserved memory: created DMA memory pool at 0x000000009c900000, size 30 MiB
[    0.000000] OF: reserved mem: initialized node r5f-dma-memory@9c900000, compatible id shared-dma-pool
[    0.000000] OF: reserved mem: 0x000000009c900000..0x000000009e6fffff (30720 KiB) nomap non-reusable r5f-dma-memory@9c900000
[    0.000000] OF: reserved mem: 0x000000009e800000..0x000000009fffffff (24576 KiB) nomap non-reusable optee@9e800000
[    0.000000] OF: reserved mem: 0x00000000a0000000..0x00000000a0ffffff (16384 KiB) nomap non-reusable edgeai-rtos-ipc-memory-region
[    0.000000] Reserved memory: created DMA memory pool at 0x00000000a1000000, size 32 MiB
[    0.000000] OF: reserved mem: initialized node edgeai-dma-memory@a1000000, compatible id shared-dma-pool
[    0.000000] OF: reserved mem: 0x00000000a1000000..0x00000000a2ffffff (32768 KiB) nomap non-reusable edgeai-dma-memory@a1000000
[    0.000000] OF: reserved mem: initialized node edgeai_shared-memories, compatible id dma-heap-carveout
[    0.000000] OF: reserved mem: 0x00000000a3000000..0x00000000adffffff (180224 KiB) map non-reusable edgeai_shared-memories
[    0.000000] Reserved memory: created DMA memory pool at 0x00000000ae000000, size 288 MiB
[    0.000000] OF: reserved mem: initialized node edgeai-core-heap-memory@ae000000, compatible id shared-dma-pool
[    0.000000] OF: reserved mem: 0x00000000ae000000..0x00000000bfffffff (294912 KiB) nomap non-reusable edgeai-core-heap-memory@ae000000
[    0.000000] Zone ranges:
[    0.000000]   DMA      [mem 0x0000000080000000-0x00000000ffffffff]
[    0.000000]   DMA32    empty
[    0.000000]   Normal   [mem 0x0000000100000000-0x00000008ffffffff]
[    0.000000] Movable zone start for each node
[    0.000000] Early memory node ranges
[    0.000000]   node   0: [mem 0x0000000080000000-0x000000008007ffff]
[    0.000000]   node   0: [mem 0x0000000080080000-0x00000000997fffff]
[    0.000000]   node   0: [mem 0x0000000099800000-0x000000009e6fffff]
[    0.000000]   node   0: [mem 0x000000009e700000-0x000000009e7fffff]
[    0.000000]   node   0: [mem 0x000000009e800000-0x00000000a2ffffff]
[    0.000000]   node   0: [mem 0x00000000a3000000-0x00000000adffffff]
[    0.000000]   node   0: [mem 0x00000000ae000000-0x00000000bfffffff]
[    0.000000]   node   0: [mem 0x00000000c0000000-0x00000000ffffffff]
[    0.000000]   node   0: [mem 0x0000000880000000-0x00000008ffffffff]
[    0.000000] Initmem setup node 0 [mem 0x0000000080000000-0x00000008ffffffff]
[    0.000000] psci: probing for conduit method from DT.
[    0.000000] psci: PSCIv1.1 detected in firmware.
[    0.000000] psci: Using standard PSCI v0.2 function IDs
[    0.000000] psci: Trusted OS migration not required
[    0.000000] psci: SMC Calling Convention v1.5
[    0.000000] percpu: Embedded 20 pages/cpu s43176 r8192 d30552 u81920
[    0.000000] Detected VIPT I-cache on CPU0
[    0.000000] CPU features: detected: GIC system register CPU interface
[    0.000000] CPU features: detected: ARM erratum 845719
[    0.000000] alternatives: applying boot alternatives
[    0.000000] Kernel command line: console=ttyS2,115200n8 earlycon=ns16550a,mmio32,0x02800000 mtdparts=spi-nand0:512k(ospi_nand.tiboot3),2m(ospi_nand.tispl),4m(ospi_nand.u-boot),256k(ospi_nand.env),256k(ospi_nand.env.backup),98048k@32m(ospi_nand.rootfs),256k@130816k(ospi_nand.phypattern) root=PARTUUID=076c4a2a-02 rw rootfstype=ext4 rootwait
[    0.000000] Dentry cache hash table entries: 524288 (order: 10, 4194304 bytes, linear)
[    0.000000] Inode-cache hash table entries: 262144 (order: 9, 2097152 bytes, linear)
[    0.000000] Built 1 zonelists, mobility grouping on.  Total pages: 1032192
[    0.000000] mem auto-init: stack:all(zero), heap alloc:off, heap free:off
[    0.000000] software IO TLB: area num 4.
[    0.000000] software IO TLB: mapped [mem 0x00000000fbfff000-0x00000000fffff000] (64MB)
[    0.000000] Memory: 2807100K/4194304K available (12480K kernel code, 1272K rwdata, 4184K rodata, 2496K init, 528K bss, 797380K reserved, 589824K cma-reserved)
[    0.000000] SLUB: HWalign=64, Order=0-3, MinObjects=0, CPUs=4, Nodes=1
[    0.000000] rcu: Preemptible hierarchical RCU implementation.
[    0.000000] rcu: 	RCU event tracing is enabled.
[    0.000000] rcu: 	RCU restricting CPUs from NR_CPUS=256 to nr_cpu_ids=4.
[    0.000000] 	Trampoline variant of Tasks RCU enabled.
[    0.000000] 	Tracing variant of Tasks RCU enabled.
[    0.000000] rcu: RCU calculated value of scheduler-enlistment delay is 25 jiffies.
[    0.000000] rcu: Adjusting geometry for rcu_fanout_leaf=16, nr_cpu_ids=4
[    0.000000] NR_IRQS: 64, nr_irqs: 64, preallocated irqs: 0
[    0.000000] GICv3: GIC: Using split EOI/Deactivate mode
[    0.000000] GICv3: 256 SPIs implemented
[    0.000000] GICv3: 0 Extended SPIs implemented
[    0.000000] Root IRQ handler: gic_handle_irq
[    0.000000] GICv3: GICv3 features: 16 PPIs
[    0.000000] GICv3: CPU0: found redistributor 0 region 0:0x0000000001880000
[    0.000000] ITS [mem 0x01820000-0x0182ffff]
[    0.000000] GIC: enabling workaround for ITS: Socionext Synquacer pre-ITS
[    0.000000] ITS@0x0000000001820000: Devices Table too large, reduce ids 20->19
[    0.000000] ITS@0x0000000001820000: allocated 524288 Devices @880800000 (flat, esz 8, psz 64K, shr 0)
[    0.000000] ITS: using cache flushing for cmd queue
[    0.000000] GICv3: using LPI property table @0x0000000880040000
[    0.000000] GIC: using cache flushing for LPI property table
[    0.000000] GICv3: CPU0: using allocated LPI pending table @0x0000000880050000
[    0.000000] rcu: srcu_init: Setting srcu_struct sizes based on contention.
[    0.000000] arch_timer: cp15 timer(s) running at 200.00MHz (phys).
[    0.000000] clocksource: arch_sys_counter: mask: 0x3ffffffffffffff max_cycles: 0x2e2049d3e8, max_idle_ns: 440795210634 ns
[    0.000000] sched_clock: 58 bits at 200MHz, resolution 5ns, wraps every 4398046511102ns
[    0.008534] Console: colour dummy device 80x25
[    0.013125] Calibrating delay loop (skipped), value calculated using timer frequency.. 400.00 BogoMIPS (lpj=800000)
[    0.023806] pid_max: default: 32768 minimum: 301
[    0.028608] LSM: initializing lsm=capability,selinux,integrity
[    0.034597] SELinux:  Initializing.
[    0.038276] Mount-cache hash table entries: 8192 (order: 4, 65536 bytes, linear)
[    0.045855] Mountpoint-cache hash table entries: 8192 (order: 4, 65536 bytes, linear)
[    0.055520] RCU Tasks: Setting shift to 2 and lim to 1 rcu_task_cb_adjust=1.
[    0.062827] RCU Tasks Trace: Setting shift to 2 and lim to 1 rcu_task_cb_adjust=1.
[    0.070742] rcu: Hierarchical SRCU implementation.
[    0.075646] rcu: 	Max phase no-delay instances is 1000.
[    0.081231] Platform MSI: msi-controller@1820000 domain created
[    0.087481] PCI/MSI: /bus@f0000/interrupt-controller@1800000/msi-controller@1820000 domain created
[    0.096905] EFI services will not be available.
[    0.101774] smp: Bringing up secondary CPUs ...
[    0.106996] Detected VIPT I-cache on CPU1
[    0.107065] GICv3: CPU1: found redistributor 1 region 0:0x00000000018a0000
[    0.107081] GICv3: CPU1: using allocated LPI pending table @0x0000000880060000
[    0.107124] CPU1: Booted secondary processor 0x0000000001 [0x410fd034]
[    0.107769] Detected VIPT I-cache on CPU2
[    0.107821] GICv3: CPU2: found redistributor 2 region 0:0x00000000018c0000
[    0.107834] GICv3: CPU2: using allocated LPI pending table @0x0000000880070000
[    0.107865] CPU2: Booted secondary processor 0x0000000002 [0x410fd034]
[    0.108445] Detected VIPT I-cache on CPU3
[    0.108495] GICv3: CPU3: found redistributor 3 region 0:0x00000000018e0000
[    0.108507] GICv3: CPU3: using allocated LPI pending table @0x0000000880080000
[    0.108535] CPU3: Booted secondary processor 0x0000000003 [0x410fd034]
[    0.108607] smp: Brought up 1 node, 4 CPUs
[    0.188327] SMP: Total of 4 processors activated.
[    0.193139] CPU features: detected: 32-bit EL0 Support
[    0.198409] CPU features: detected: CRC32 instructions
[    0.203721] CPU: All CPU(s) started at EL2
[    0.207919] alternatives: applying system-wide alternatives
[    0.215199] devtmpfs: initialized
[    0.227835] clocksource: jiffies: mask: 0xffffffff max_cycles: 0xffffffff, max_idle_ns: 7645041785100000 ns
[    0.237833] futex hash table entries: 1024 (order: 4, 65536 bytes, linear)
[    0.258490] pinctrl core: initialized pinctrl subsystem
[    0.264316] DMI not present or invalid.
[    0.268834] NET: Registered PF_NETLINK/PF_ROUTE protocol family
[    0.275680] DMA: preallocated 512 KiB GFP_KERNEL pool for atomic allocations
[    0.283018] DMA: preallocated 512 KiB GFP_KERNEL|GFP_DMA pool for atomic allocations
[    0.291089] DMA: preallocated 512 KiB GFP_KERNEL|GFP_DMA32 pool for atomic allocations
[    0.299241] audit: initializing netlink subsys (disabled)
[    0.304932] audit: type=2000 audit(0.192:1): state=initialized audit_enabled=0 res=1
[    0.305369] thermal_sys: Registered thermal governor 'step_wise'
[    0.312862] thermal_sys: Registered thermal governor 'power_allocator'
[    0.319044] cpuidle: using governor menu
[    0.329896] hw-breakpoint: found 6 breakpoint and 4 watchpoint registers.
[    0.336919] ASID allocator initialised with 65536 entries
[    0.347424] /bus@f0000/interrupt-controller@1800000: Fixed dependency cycle(s) with /bus@f0000/interrupt-controller@1800000
[    0.358908] /bus@f0000/i2c@20000000/usb-power-controller@3f/connector: Fixed dependency cycle(s) with /bus@f0000/dwc3-usb@f900000/usb@31000000
[    0.372023] /bus@f0000/i2c@20010000/bridge-hdmi@3b: Fixed dependency cycle(s) with /bus@f0000/dss@30200000
[    0.381946] /bus@f0000/dwc3-usb@f900000/usb@31000000: Fixed dependency cycle(s) with /bus@f0000/i2c@20000000/usb-power-controller@3f/connector
[    0.395100] /bus@f0000/dss@30200000: Fixed dependency cycle(s) with /bus@f0000/i2c@20010000/bridge-hdmi@3b
[    0.409851] /bus@f0000/i2c@20000000/usb-power-controller@3f/connector: Fixed dependency cycle(s) with /bus@f0000/dwc3-usb@f900000/usb@31000000
[    0.423142] /bus@f0000/i2c@20010000/bridge-hdmi@3b: Fixed dependency cycle(s) with /bus@f0000/dss@30200000
[    0.433880] /bus@f0000/dwc3-usb@f900000/usb@31000000: Fixed dependency cycle(s) with /bus@f0000/i2c@20000000/usb-power-controller@3f/connector
[    0.447553] /bus@f0000/pinctrl@a40000: Fixed dependency cycle(s) with /bus@f0000/pinctrl@a40000/cpsw-cpts
[    0.458558] /bus@f0000/i2c@20010000/bridge-hdmi@3b: Fixed dependency cycle(s) with /bus@f0000/dss@30200000
[    0.468506] /bus@f0000/dss@30200000: Fixed dependency cycle(s) with /bus@f0000/i2c@20010000/bridge-hdmi@3b
[    0.480208] /bus@f0000/i2c@20010000/bridge-hdmi@3b: Fixed dependency cycle(s) with /connector-hdmi
[    0.489453] /connector-hdmi: Fixed dependency cycle(s) with /bus@f0000/i2c@20010000/bridge-hdmi@3b
[    0.499138] Modules: 27488 pages in range for non-PLT usage
[    0.499144] Modules: 519008 pages in range for PLT usage
[    0.505514] HugeTLB: registered 1.00 GiB page size, pre-allocated 0 pages
[    0.517910] HugeTLB: 0 KiB vmemmap can be freed for a 1.00 GiB page
[    0.524321] HugeTLB: registered 32.0 MiB page size, pre-allocated 0 pages
[    0.531260] HugeTLB: 0 KiB vmemmap can be freed for a 32.0 MiB page
[    0.537668] HugeTLB: registered 2.00 MiB page size, pre-allocated 0 pages
[    0.544608] HugeTLB: 0 KiB vmemmap can be freed for a 2.00 MiB page
[    0.551016] HugeTLB: registered 64.0 KiB page size, pre-allocated 0 pages
[    0.557955] HugeTLB: 0 KiB vmemmap can be freed for a 64.0 KiB page
[    0.565697] k3-chipinfo 43000014.chipid: Family:AM62AX rev:SR1.0 JTAGID[0x0bb8d02f] Detected
[    0.574996] iommu: Default domain type: Translated
[    0.579916] iommu: DMA domain TLB invalidation policy: strict mode
[    0.586508] SCSI subsystem initialized
[    0.590645] usbcore: registered new interface driver usbfs
[    0.596289] usbcore: registered new interface driver hub
[    0.601749] usbcore: registered new device driver usb
[    0.607359] pps_core: LinuxPPS API ver. 1 registered
[    0.612439] pps_core: Software ver. 5.3.6 - Copyright 2005-2007 Rodolfo Giometti <giometti@linux.it>
[    0.621788] PTP clock support registered
[    0.625989] EDAC MC: Ver: 3.0.0
[    0.629666] scmi_core: SCMI protocol bus registered
[    0.634928] FPGA manager framework
[    0.638483] Advanced Linux Sound Architecture Driver Initialized.
[    0.645622] vgaarb: loaded
[    0.648704] clocksource: Switched to clocksource arch_sys_counter
[    0.655195] VFS: Disk quotas dquot_6.6.0
[    0.659250] VFS: Dquot-cache hash table entries: 512 (order 0, 4096 bytes)
[    0.673115] Carveout Heap: Exported 176 MiB at 0x00000000a3000000
[    0.679458] NET: Registered PF_INET protocol family
[    0.684628] IP idents hash table entries: 65536 (order: 7, 524288 bytes, linear)
[    0.695069] tcp_listen_portaddr_hash hash table entries: 2048 (order: 3, 32768 bytes, linear)
[    0.703874] Table-perturb hash table entries: 65536 (order: 6, 262144 bytes, linear)
[    0.711811] TCP established hash table entries: 32768 (order: 6, 262144 bytes, linear)
[    0.720119] TCP bind hash table entries: 32768 (order: 8, 1048576 bytes, linear)
[    0.728483] TCP: Hash tables configured (established 32768 bind 32768)
[    0.735326] UDP hash table entries: 2048 (order: 4, 65536 bytes, linear)
[    0.742279] UDP-Lite hash table entries: 2048 (order: 4, 65536 bytes, linear)
[    0.749805] NET: Registered PF_UNIX/PF_LOCAL protocol family
[    0.756014] RPC: Registered named UNIX socket transport module.
[    0.762089] RPC: Registered udp transport module.
[    0.766899] RPC: Registered tcp transport module.
[    0.771707] RPC: Registered tcp-with-tls transport module.
[    0.777316] RPC: Registered tcp NFSv4.1 backchannel transport module.
[    0.783906] NET: Registered PF_XDP protocol family
[    0.788828] PCI: CLS 0 bytes, default 64
[    0.794146] Initialise system trusted keyrings
[    0.798904] workingset: timestamp_bits=46 max_order=20 bucket_order=0
[    0.805808] squashfs: version 4.0 (2009/01/31) Phillip Lougher
[    0.812027] NFS: Registering the id_resolver key type
[    0.817233] Key type id_resolver registered
[    0.821512] Key type id_legacy registered
[    0.825626] nfs4filelayout_init: NFSv4 File Layout Driver Registering...
[    0.832481] nfs4flexfilelayout_init: NFSv4 Flexfile Layout Driver Registering...
[    0.874039] Key type asymmetric registered
[    0.878238] Asymmetric key parser 'x509' registered
[    0.883274] Block layer SCSI generic (bsg) driver version 0.4 loaded (major 244)
[    0.890974] io scheduler mq-deadline registered
[    0.895613] io scheduler kyber registered
[    0.899741] io scheduler bfq registered
[    0.906621] pinctrl-single 4084000.pinctrl: 34 pins, size 136
[    0.913159] pinctrl-single f4000.pinctrl: 151 pins, size 604
[    0.920430] pinctrl-single a40000.pinctrl: 512 pins, size 2048
[    0.932805] Serial: 8250/16550 driver, 12 ports, IRQ sharing enabled
[    0.950256] loop: module loaded
[    0.954478] megasas: 07.725.01.00-rc1
[    0.961862] tun: Universal TUN/TAP device driver, 1.6
[    0.967986] VFIO - User Level meta-driver version: 0.3
[    0.974357] usbcore: registered new interface driver usb-storage
[    0.981165] i2c_dev: i2c /dev entries driver
[    0.987077] sdhci: Secure Digital Host Controller Interface driver
[    0.993420] sdhci: Copyright(c) Pierre Ossman
[    0.998101] sdhci-pltfm: SDHCI platform and OF driver helper
[    1.004613] ledtrig-cpu: registered to indicate activity on CPUs
[    1.011056] SMCCC: SOC_ID: ARCH_SOC_ID not implemented, skipping ....
[    1.018328] usbcore: registered new interface driver usbhid
[    1.024033] usbhid: USB HID core driver
[    1.029210] hw perfevents: enabled with armv8_cortex_a53 PMU driver, 7 counters available
[    1.038201] optee: probing for conduit method.
[    1.042782] optee: revision 4.4 (8f645256efc0dc66)
[    1.043095] optee: dynamic shared memory is enabled
[    1.053650] random: crng init done
[    1.057231] optee: initialized driver
[    1.062457] Initializing XFRM netlink socket
[    1.066879] NET: Registered PF_PACKET protocol family
[    1.072121] Key type dns_resolver registered
[    1.084944] registered taskstats version 1
[    1.089288] Loading compiled-in X.509 certificates
[    1.107259] ti-sci 44043000.system-controller: ABI: 4.0 (firmware rev 0x000a '10.1.8--v10.01.08 (Fiery Fox)')
[    1.153246] /bus@f0000/i2c@20000000/usb-power-controller@3f/connector: Fixed dependency cycle(s) with /bus@f0000/dwc3-usb@f900000/usb@31000000
[    1.166594] /bus@f0000/i2c@20000000/pmic@48: Fixed dependency cycle(s) with /bus@f0000/i2c@20000000/pmic@48/regulators/buck5
[    1.178261] omap_i2c 20000000.i2c: bus 0 rev0.12 at 400 kHz
[    1.185639] pca953x 1-0023: supply vcc not found, using dummy regulator
[    1.192572] pca953x 1-0023: using AI
[    1.218828] /connector-hdmi: Fixed dependency cycle(s) with /bus@f0000/i2c@20010000/bridge-hdmi@3b
[    1.228069] /bus@f0000/dss@30200000: Fixed dependency cycle(s) with /bus@f0000/i2c@20010000/bridge-hdmi@3b
[    1.238001] /bus@f0000/i2c@20010000/bridge-hdmi@3b: Fixed dependency cycle(s) with /connector-hdmi
[    1.247221] /bus@f0000/i2c@20010000/bridge-hdmi@3b: Fixed dependency cycle(s) with /bus@f0000/dss@30200000
[    1.257293] omap_i2c 20010000.i2c: bus 1 rev0.12 at 100 kHz
[    1.264150] omap_i2c 20020000.i2c: bus 2 rev0.12 at 400 kHz
[    1.270073] ti-sci-intr 4210000.interrupt-controller: Interrupt Router 5 domain created
[    1.278391] ti-sci-intr bus@f0000:interrupt-controller@a00000: Interrupt Router 3 domain created
[    1.287615] ti-sci-inta 48000000.interrupt-controller: Interrupt Aggregator domain 28 created
[    1.296600] ti-sci-inta 4e0a0000.interrupt-controller: Interrupt Aggregator domain 200 created
[    1.306111] ti-udma 485c0100.dma-controller: Number of rings: 82
[    1.314853] ti-udma 485c0100.dma-controller: Channels: 48 (bchan: 18, tchan: 12, rchan: 18)
[    1.325987] ti-udma 485c0000.dma-controller: Number of rings: 150
[    1.337125] ti-udma 485c0000.dma-controller: Channels: 35 (tchan: 20, rchan: 15)
[    1.346667] ti-udma 4e230000.dma-controller: Number of rings: 6
[    1.353294] ti-udma 4e230000.dma-controller: Channels: 6 (bchan: 0, tchan: 0, rchan: 6)
[    1.362719] printk: console [ttyS2] disabled
[    1.367427] 2800000.serial: ttyS2 at MMIO 0x2800000 (irq = 249, base_baud = 3000000) is a 8250
[    1.376399] printk: console [ttyS2] enabled
[    1.376399] printk: console [ttyS2] enabled
[    1.384865] printk: bootconsole [ns16550a0] disabled
[    1.384865] printk: bootconsole [ns16550a0] disabled
[    1.399006] spi-nand spi0.0: Winbond SPI NAND was found.
[    1.404353] spi-nand spi0.0: 128 MiB, block size: 256 KiB, page size: 4096, OOB size: 128
[    1.412704] 7 fixed-partitions partitions found on MTD device spi0.0
[    1.419065] Creating 7 MTD partitions on "spi0.0":
[    1.423853] 0x000000000000-0x000000080000 : "ospi_nand.tiboot3"
[    1.431256] 0x000000080000-0x000000280000 : "ospi_nand.tispl"
[    1.439018] 0x000000280000-0x000000680000 : "ospi_nand.u-boot"
[    1.447665] 0x000000680000-0x0000006c0000 : "ospi_nand.env"
[    1.454476] 0x0000006c0000-0x000000700000 : "ospi_nand.env.backup"
[    1.461864] 0x000002000000-0x000007fc0000 : "ospi_nand.rootfs"
[    1.507674] 0x000007fc0000-0x000008000000 : "ospi_nand.phypattern"
[    1.724714] davinci_mdio 8000f00.mdio: davinci mdio revision 9.7, bus freq 1000000
[    1.735942] davinci_mdio 8000f00.mdio: phy[0]: device 8000f00.mdio:00, driver TI DP83867
[    1.744075] am65-cpsw-nuss 8000000.ethernet: initializing am65 cpsw nuss version 0x6BA01103, cpsw version 0x6BA81103 Ports: 3 quirks:00000006
[    1.756861] am65-cpsw-nuss 8000000.ethernet: initialized cpsw ale version 1.5
[    1.763989] am65-cpsw-nuss 8000000.ethernet: ALE Table size 512
[    1.770366] pps pps0: new PPS source ptp0
[    1.774641] am65-cpsw-nuss 8000000.ethernet: CPTS ver 0x4e8a010c, freq:500000000, add_val:1 pps:1
[    1.788593] am65-cpsw-nuss 8000000.ethernet: set new flow-id-base 19
[    1.798142] /bus@f0000/i2c@20000000/usb-power-controller@3f/connector: Fixed dependency cycle(s) with /bus@f0000/dwc3-usb@f900000/usb@31000000
[    1.811051] /bus@f0000/dwc3-usb@f900000/usb@31000000: Fixed dependency cycle(s) with /bus@f0000/i2c@20000000/usb-power-controller@3f/connector
[    1.826010] xhci-hcd xhci-hcd.0.auto: xHCI Host Controller
[    1.831547] xhci-hcd xhci-hcd.0.auto: new USB bus registered, assigned bus number 1
[    1.839311] xhci-hcd xhci-hcd.0.auto: USB3 root hub has no ports
[    1.845316] xhci-hcd xhci-hcd.0.auto: hcc params 0x0258fe6d hci version 0x110 quirks 0x0000008020000010
[    1.854743] xhci-hcd xhci-hcd.0.auto: irq 264, io mem 0x31100000
[    1.861550] hub 1-0:1.0: USB hub found
[    1.865345] hub 1-0:1.0: 1 port detected
[    1.870859] cpufreq: cpufreq_online: CPU0: Running at unlisted initial frequency: 1200000 KHz, changing to: 1250000 KHz
[    1.883173] mmc0: CQHCI version 5.10
[    1.924757] mmc0: SDHCI controller on fa10000.mmc [fa10000.mmc] using ADMA 64-bit
[    1.991780] vddshv5_sdio: Bringing 1800000uV into 3300000-3300000uV
[    2.008400] mmc0: Command Queue Engine enabled
[    2.012877] mmc0: new HS200 MMC card at address 0001
[    2.018481] mmcblk0: mmc0:0001 G1M15L 29.6 GiB
[    2.024366]  mmcblk0: p1 p2
[    2.027834] mmcblk0boot0: mmc0:0001 G1M15L 31.5 MiB
[    2.033908] mmcblk0boot1: mmc0:0001 G1M15L 31.5 MiB
[    2.039892] mmcblk0rpmb: mmc0:0001 G1M15L 4.00 MiB, chardev (239:0)
[    2.215528] tps6594-rtc tps6594-rtc.5.auto: registered as rtc1
[    2.221729] pca953x 1-0022: supply vcc not found, using dummy regulator
[    2.228457] pca953x 1-0022: using AI
[    2.239130] mmc1: CQHCI version 5.10
[    2.240319] clk: Disabling unused clocks
[    2.250275] ALSA device list:
[    2.253306]   No soundcards found.
[    2.287301] mmc1: SDHCI controller on fa00000.mmc [fa00000.mmc] using ADMA 64-bit
[    2.294984] Waiting for root device PARTUUID=076c4a2a-02...
[    2.339072] mmc1: new ultra high speed SDR104 SDHC card at address 5048
[    2.346232] mmcblk1: mmc1:5048 SD32G 28.9 GiB
[    2.352505]  mmcblk1: p1 p2
[    2.489771] EXT4-fs (mmcblk1p2): mounted filesystem d5ae6b03-446f-4188-9396-67513a370fde r/w with ordered data mode. Quota mode: none.
[    2.501955] VFS: Mounted root (ext4 filesystem) on device 179:98.
[    2.509101] devtmpfs: mounted
[    2.512718] Freeing unused kernel memory: 2496K
[    2.517320] Run /sbin/init as init process
[    2.736443] systemd[1]: System time before build time, advancing clock.
[    2.777514] NET: Registered PF_INET6 protocol family
[    2.783320] Segment Routing with IPv6
[    2.787049] In-situ OAM (IOAM) with IPv6
[    2.823224] systemd[1]: systemd 255.13^ running in system mode (+PAM -AUDIT -SELINUX -APPARMOR +IMA -SMACK +SECCOMP -GCRYPT -GNUTLS -OPENSSL +ACL +BLKID -CURL -ELFUTILS -FIDO2 -IDN2 -IDN -IPTC +KMOD -LIBCRYPTSETUP +LIBFDISK -PCRE2 -PWQUALITY -P11KIT -QRENCODE -TPM2 -BZIP2 -LZ4 -XZ -ZLIB +ZSTD -BPF_FRAMEWORK -XKBCOMMON +UTMP +SYSVINIT default-hierarchy=unified)
[    2.855125] systemd[1]: Detected architecture arm64.

Welcome to [1mArago 2023.10[0m!

[    2.877935] systemd[1]: Hostname set to <am62axx-evm>.
[    2.889143] systemd[1]: Initializing machine ID from random generator.
[    3.003727] systemd-sysv-generator[105]: SysV service '/etc/init.d/edgeai-launcher.sh' lacks a native systemd unit file. ~ Automatically generating a unit file for compatibility. Please update package to include a native systemd unit file, in order to make it safe, robust and future-proof. ! This compatibility logic is deprecated, expect removal soon. !
[    3.201357] systemd[1]: /usr/lib/systemd/system/bt-enable.service:9: Standard output type syslog is obsolete, automatically updating to journal. Please update your unit file, and consider removing the setting altogether.
[    3.305666] systemd[1]: /etc/systemd/system/sync-clocks.service:11: Standard output type syslog is obsolete, automatically updating to journal. Please update your unit file, and consider removing the setting altogether.
[    3.383071] systemd[1]: Queued start job for default target Graphical Interface.
[    3.418317] systemd[1]: Created slice Slice /system/getty.
[[0;32m  OK  [0m] Created slice [0;1;39mSlice /system/getty[0m.
[    3.443019] systemd[1]: Created slice Slice /system/modprobe.
[[0;32m  OK  [0m] Created slice [0;1;39mSlice /system/modprobe[0m.
[    3.467080] systemd[1]: Created slice Slice /system/serial-getty.
[[0;32m  OK  [0m] Created slice [0;1;39mSlice /system/serial-getty[0m.
[    3.490461] systemd[1]: Created slice User and Session Slice.
[[0;32m  OK  [0m] Created slice [0;1;39mUser and Session Slice[0m.
[    3.513131] systemd[1]: Started Dispatch Password Requests to Console Directory Watch.
[[0;32m  OK  [0m] Started [0;1;39mDispatch Password Requests to Console Directory Watch[0m.
[    3.537024] systemd[1]: Started Forward Password Requests to Wall Directory Watch.
[[0;32m  OK  [0m] Started [0;1;39mForward Password Requests to Wall Directory Watch[0m.
[    3.560886] systemd[1]: Expecting device /dev/ttyS2...
         Expecting device [0;1;39m/dev/ttyS2[0m...
[    3.576940] systemd[1]: Reached target Path Units.
[[0;32m  OK  [0m] Reached target [0;1;39mPath Units[0m.
[    3.592831] systemd[1]: Reached target Remote File Systems.
[[0;32m  OK  [0m] Reached target [0;1;39mRemote File Systems[0m.
[    3.612814] systemd[1]: Reached target Slice Units.
[[0;32m  OK  [0m] Reached target [0;1;39mSlice Units[0m.
[    3.628837] systemd[1]: Reached target Swaps.
[[0;32m  OK  [0m] Reached target [0;1;39mSwaps[0m.
[    3.676679] systemd[1]: Listening on RPCbind Server Activation Socket.
[[0;32m  OK  [0m] Listening on [0;1;39mRPCbind Server Activation Socket[0m.
[    3.701021] systemd[1]: Reached target RPC Port Mapper.
[[0;32m  OK  [0m] Reached target [0;1;39mRPC Port Mapper[0m.
[    3.727803] systemd[1]: Listening on Process Core Dump Socket.
[[0;32m  OK  [0m] Listening on [0;1;39mProcess Core Dump Socket[0m.
[    3.749229] systemd[1]: Listening on initctl Compatibility Named Pipe.
[[0;32m  OK  [0m] Listening on [0;1;39minitctl Compatibility Named Pipe[0m.
[    3.773967] systemd[1]: Listening on Journal Audit Socket.
[[0;32m  OK  [0m] Listening on [0;1;39mJournal Audit Socket[0m.
[    3.801460] systemd[1]: Listening on Journal Socket (/dev/log).
[[0;32m  OK  [0m] Listening on [0;1;39mJournal Socket (/dev/log)[0m.
[    3.825502] systemd[1]: Listening on Journal Socket.
[[0;32m  OK  [0m] Listening on [0;1;39mJournal Socket[0m.
[    3.841662] systemd[1]: Listening on Network Service Netlink Socket.
[[0;32m  OK  [0m] Listening on [0;1;39mNetwork Service Netlink Socket[0m.
[    3.868202] systemd[1]: Listening on udev Control Socket.
[[0;32m  OK  [0m] Listening on [0;1;39mudev Control Socket[0m.
[    3.889366] systemd[1]: Listening on udev Kernel Socket.
[[0;32m  OK  [0m] Listening on [0;1;39mudev Kernel Socket[0m.
[    3.909416] systemd[1]: Listening on User Database Manager Socket.
[[0;32m  OK  [0m] Listening on [0;1;39mUser Database Manager Socket[0m.
[    3.961043] systemd[1]: Mounting Huge Pages File System...
         Mounting [0;1;39mHuge Pages File System[0m...
[    3.980668] systemd[1]: Mounting POSIX Message Queue File System...
         Mounting [0;1;39mPOSIX Message Queue File System[0m...
[    4.008992] systemd[1]: Mounting Kernel Debug File System...
         Mounting [0;1;39mKernel Debug File System[0m...
[    4.025360] systemd[1]: Kernel Trace File System was skipped because of an unmet condition check (ConditionPathExists=/sys/kernel/tracing).
[    4.043302] systemd[1]: Mounting Temporary Directory /tmp...
         Mounting [0;1;39mTemporary Directory /tmp[0m...
[    4.066111] systemd[1]: Starting Create List of Static Device Nodes...
         Starting [0;1;39mCreate List of Static Device Nodes[0m...
[    4.093274] systemd[1]: Starting Load Kernel Module configfs...
         Starting [0;1;39mLoad Kernel Module configfs[0m...
[    4.121219] systemd[1]: Starting Load Kernel Module drm...
         Starting [0;1;39mLoad Kernel Module drm[0m...
[    4.141275] systemd[1]: Starting Load Kernel Module fuse...
         Starting [0;1;39mLoad Kernel Module fuse[0m...
[    4.169426] systemd[1]: Starting Start psplash boot splash screen...
         Starting [0;1;39mStart psplash boot splash screen[0m.[    4.176251] fuse: init (API version 7.39)
..
[    4.204688] systemd[1]: Starting RPC Bind...
         Starting [0;1;39mRPC Bind[0m...
[    4.221162] systemd[1]: File System Check on Root Device was skipped because of an unmet condition check (ConditionPathIsReadWrite=!/).
[    4.241116] systemd[1]: Starting Journal Service...
         Starting [0;1;39mJournal Service[0m...
[    4.263509] systemd[1]: Starting Load Kernel Modules...
         Starting [0;1;39mLoad Kernel Modules[0m...
[    4.285639] systemd[1]: Starting Generate network units from Kernel command line...
         Starting [0;1;39mGenerate network units from Kernel command line[0m...
[    4.309742] cryptodev: loading out-of-tree module taints kernel.
[    4.316984] cryptodev: driver 1.14 loaded.
[    4.320632] systemd[1]: Starting Remount Root and Kernel File Systems...
         Starting [0;1;39mRemount Root and Kernel File Systems[    4.333600] systemd-journald[124]: Collecting audit messages is enabled.
[0m...
[    4.354100] systemd[1]: Starting Coldplug All udev Devices...
         Starting [0;1;39mColdplug All udev Devices[0m...
[    4.389382] systemd[1]: Started RPC Bind.
[[0;32m  OK  [0m] Started [0;1;39mRPC Bind[0m.
[    4.405178] EXT4-fs (mmcblk1p2): re-mounted d5ae6b03-446f-4188-9396-67513a370fde r/w. Quota mode: none.
[    4.417149] systemd[1]: Started Journal Service.
[[0;32m  OK  [0m] Started [0;1;39mJournal Service[0m.
[[0;32m  OK  [0m] Mounted [0;1;39mHuge Pages File System[0m.
[[0;32m  OK  [0m] Mounted [0;1;39mPOSIX Message Queue File System[0m.
[[0;32m  OK  [0m] Mounted [0;1;39mKernel Debug File System[0m.
[[0;32m  OK  [0m] Mounted [0;1;39mTemporary Directory /tmp[0m.
[[0;32m  OK  [0m] Finished [0;1;39mCreate List of Static Device Nodes[0m.
[[0;32m  OK  [0m] Finished [0;1;39mLoad Kernel Module configfs[0m.
[[0;32m  OK  [0m] Finished [0;1;39mLoad Kernel Module drm[0m.
[[0;32m  OK  [0m] Finished [0;1;39mLoad Kernel Module fuse[0m.
[[0;1;31mFAILED[0m] Failed to start [0;1;39mStart psplash boot splash screen[0m.
See 'systemctl status psplash-start.service' for details.
[[0;1;38;5;185mDEPEND[0m] Dependency failed for [0;1;39mStart psplasâ€¦temd progress communication helper[0m.
[[0;32m  OK  [0m] Finished [0;1;39mLoad Kernel Modules[0m.
[[0;32m  OK  [0m] Finished [0;1;39mGenerate network units from Kernel command line[0m.
[[0;32m  OK  [0m] Finished [0;1;39mRemount Root and Kernel File Systems[0m.
         Mounting [0;1;39mFUSE Control File System[0m...
         Mounting [0;1;39mKernel Configuration File System[0m...
         Starting [0;1;39mFlush Journal to Persistent Storage[0m...
         Starting [0;1;39mApply Kernel Variables[0m...
[    4.789333] systemd-journald[124]: Received client request to flush runtime journal.
         Starting [0;1;39mCreate Static Device Nodes in /dev gracefully[0m...
[[0;32m  OK  [0m] Mounted [0;1;39mFUSE Control File System[0m.
[[0;32m  OK  [0m] Mounted [0;1;39mKernel Configuration File System[0m.
[[0;32m  OK  [0m] Finished [0;1;39mFlush Journal to Persistent Storage[0m.
[[0;32m  OK  [0m] Finished [0;1;39mApply Kernel Variables[0m.
[[0;32m  OK  [0m] Finished [0;1;39mCreate Static Device Nodes in /dev gracefully[0m.
         Starting [0;1;39mCreate System Users[0m...
[    4.984103] audit: type=1334 audit(1728487094.244:2): prog-id=6 op=LOAD
[    4.990870] audit: type=1334 audit(1728487094.252:3): prog-id=7 op=LOAD
[    4.997583] audit: type=1334 audit(1728487094.260:4): prog-id=8 op=LOAD
         Starting [0;1;39mUser Database Manager[0m...
[[0;32m  OK  [0m] Finished [0;1;39mColdplug All udev Devices[0m.
[[0;32m  OK  [0m] Started [0;1;39mUser Database Manager[0m.
[[0;32m  OK  [0m] Finished [0;1;39mCreate System Users[0m.
         Starting [0;1;39mCreate Static Device Nodes in /dev[0m...
[[0;32m  OK  [0m] Finished [0;1;39mCreate Static Device Nodes in /dev[0m.
[[0;32m  OK  [0m] Reached target [0;1;39mPreparation for Local File Systems[0m.
         Mounting [0;1;39m/var/volatile[0m...
[    5.295284] audit: type=1334 audit(1728487094.556:5): prog-id=9 op=LOAD
[    5.302062] audit: type=1334 audit(1728487094.564:6): prog-id=10 op=LOAD
         Starting [0;1;39mRule-based Manager for Device Events and Files[0m...
[[0;32m  OK  [0m] Mounted [0;1;39m/var/volatile[0m.
         Starting [0;1;39mLoad/Save OS Random Seed[0m...
[[0;32m  OK  [0m] Reached target [0;1;39mLocal File Systems[0m.
         Starting [0;1;39mRebuild Dynamic Linker Cache[0m...
         Starting [0;1;39mCreate System Files and Directories[0m...
[[0;32m  OK  [0m] Finished [0;1;39mLoad/Save OS Random Seed[0m.
[[0;32m  OK  [0m] Finished [0;1;39mCreate System Files and Directories[0m.
         Starting [0;1;39mRebuild Journal Catalog[0m...
[    5.541029] audit: type=1334 audit(1728487094.804:7): prog-id=11 op=LOAD
         Starting [0;1;39mNetwork Name Resolution[0m...
[    5.560925] audit: type=1334 audit(1728487094.824:8): prog-id=12 op=LOAD
         Starting [0;1;39mNetwork Time Synchronization[0m...
         Starting [0;1;39mRecord System Boot/Shutdown in UTMP[0m...
[[0;32m  OK  [0m] Finished [0;1;39mRebuild Journal Catalog[0m.
[[0;32m  OK  [0m] Started [0;1;39mRule-based Manager for Device Events and Files[0m.
[[0;32m  OK  [0m] Finished [0;1;39mRecord System Boot/Shutdown in UTMP[0m.
[[0;32m  OK  [0m] Started [0;1;39mNetwork Time Synchronization[0m.
[[0;32m  OK  [0m] Found device [0;1;39m/dev/ttyS2[0m.
[[0;32m  OK  [0m] Reached target [0;1;39mSystem Time Set[0m.
[[0;32m  OK  [0m] Started [0;1;39mNetwork Name Resolution[0m.
[[0;32m  OK  [0m] Reached target [0;1;39mHost and Network Name Lookups[0m.
[    5.994894] mtdblock: MTD device 'ospi_nand.env.backup' is NAND, please consider using UBI block devices instead.
[    6.045264] mtdblock: MTD device 'ospi_nand.env' is NAND, please consider using UBI block devices instead.
[    6.081174] mtdblock: MTD device 'ospi_nand.tiboot3' is NAND, please consider using UBI block devices instead.
[    6.122875] mtdblock: MTD device 'ospi_nand.u-boot' is NAND, please consider using UBI block devices instead.
[    6.139187] mtdblock: MTD device 'ospi_nand.tispl' is NAND, please consider using UBI block devices instead.
[    6.149755] mtdblock: MTD device 'ospi_nand.phypattern' is NAND, please consider using UBI block devices instead.
[    6.161414] mtdblock: MTD device 'ospi_nand.rootfs' is NAND, please consider using UBI block devices instead.
[    6.586612] mtdblock: MTD device 'ospi_nand.phypattern' is NAND, please consider using UBI block devices instead.
[    6.632877] omap-mailbox 29000000.mailbox: omap mailbox rev 0x66fca100
[    6.640457] omap-mailbox 29010000.mailbox: omap mailbox rev 0x66fca100
[    6.653541] omap-mailbox 29020000.mailbox: omap mailbox rev 0x66fca100
[    6.661498] omap-mailbox 29030000.mailbox: no available mbox devices found
[    6.695744] mtdblock: MTD device 'ospi_nand.env.backup' is NAND, please consider using UBI block devices instead.
[    6.712154] k3-dsp-rproc 7e000000.dsp: assigned reserved memory node c7x-dma-memory@99800000
[    6.723025] k3-dsp-rproc 7e000000.dsp: configured DSP for IPC-only mode
[    6.736353] remoteproc remoteproc0: 7e000000.dsp is available
[    6.741556] mc: Linux media interface: v0.10
[    6.743599] remoteproc remoteproc0: attaching to 7e000000.dsp
[    6.754786] rproc-virtio rproc-virtio.7.auto: assigned reserved memory node c7x-dma-memory@99800000
[    6.802700] videodev: Linux video capture interface: v2.00
[    6.809578] virtio_rpmsg_bus virtio0: rpmsg host is online
[    6.809834] virtio_rpmsg_bus virtio0: creating channel rpmsg_chrdev addr 0xd
[    6.815247] rproc-virtio rproc-virtio.7.auto: registered virtio0 (type 7)
[    6.827721] tps6598x 0-003f: Unable to find the interrupt, switching to polling
[    6.830155] remoteproc remoteproc0: remote processor 7e000000.dsp is now attached
[    6.850913] platform 79000000.r5f: configured R5F for IPC-only mode
[    6.859199] platform 79000000.r5f: assigned reserved memory node r5f-dma-memory@9b800000
[    6.872440] remoteproc remoteproc1: 79000000.r5f is available
[    6.878435] remoteproc remoteproc1: attaching to 79000000.r5f
[    6.890770] rproc-virtio rproc-virtio.8.auto: assigned reserved memory node r5f-dma-memory@9b800000
[    6.903264] rtc-ti-k3 2b1f0000.rtc: registered as rtc0
[    6.908596] rtc-ti-k3 2b1f0000.rtc: setting system clock to 1970-01-01T00:00:14 UTC (14)
[    6.909999] systemd-journald[124]: Time jumped backwards, rotating.
[    6.934387] virtio_rpmsg_bus virtio1: rpmsg host is online
[    6.935041] virtio_rpmsg_bus virtio1: creating channel ti.ipc4.ping-pong addr 0xd
[    6.945760] rproc-virtio rproc-virtio.8.auto: registered virtio1 (type 7)
[    6.951097] virtio_rpmsg_bus virtio1: creating channel rpmsg_chrdev addr 0xe
[    6.954556] remoteproc remoteproc1: remote processor 79000000.r5f is now attached
[    6.984765] platform 78000000.r5f: R5F core may have been powered on by a different host, programmed state (0) != actual state (1)
[    7.004414] platform 78000000.r5f: configured R5F for IPC-only mode
[    7.011001] platform 78000000.r5f: assigned reserved memory node r5f-dma-memory@9c800000
[    7.021977] vdec 30210000.video-codec: error -ENXIO: IRQ index 0 not found
[    7.028931] vdec 30210000.video-codec: failed to get irq resource, falling back to polling
[    7.037518] vdec 30210000.video-codec: OPP table not found in device tree
[    7.046507] remoteproc remoteproc2: 78000000.r5f is available
[    7.056414] remoteproc remoteproc2: attaching to 78000000.r5f
[    7.067643] rproc-virtio rproc-virtio.9.auto: assigned reserved memory node r5f-dma-memory@9c800000
[    7.068676] sii902x 1-003b: supply iovcc not found, using dummy regulator
[    7.097847] mtdblock: MTD device 'ospi_nand.u-boot' is NAND, please consider using UBI block devices instead.
[    7.129188] sii902x 1-003b: supply cvcc12 not found, using dummy regulator
[    7.136540] virtio_rpmsg_bus virtio2: rpmsg host is online
[    7.137077] virtio_rpmsg_bus virtio2: creating channel rpmsg_chrdev addr 0xd
[    7.145006] rproc-virtio rproc-virtio.9.auto: registered virtio2 (type 7)
[    7.149617] virtio_rpmsg_bus virtio0: creating channel rpmsg_chrdev addr 0x15
[    7.156226] remoteproc remoteproc2: remote processor 78000000.r5f is now attached
[    7.172224] virtio_rpmsg_bus virtio0: creating channel ti.ipc4.ping-pong addr 0xe
[    7.180277] virtio_rpmsg_bus virtio0: msg received with no recipient
[    7.186886] virtio_rpmsg_bus virtio2: creating channel rpmsg_chrdev addr 0x15
[    7.187901] e5010 fd20000.jpeg-encoder: Device registered as /dev/video2
[    7.194298] virtio_rpmsg_bus virtio2: creating channel ti.ipc4.ping-pong addr 0xe
[    7.213318] virtio_rpmsg_bus virtio2: msg received with no recipient
[    7.213318] i2c i2c-1: Added multiplexed i2c bus 3
[    7.222432] vdec 30210000.video-codec: Added wave5 driver with caps: 'ENCODE' 'DECODE'
[[0;32m  OK  [0m] Reached target [0;1;39mHardware activated U[    7.234149] vdec 30210000.video-codec: Product Code:      0x521c
SB gadget[0m.
[    7.245496] vdec 30210000.video-codec: Firmware Revision: 334314
[    7.357772] [drm] Initialized tidss 1.0.0 20180215 for 30200000.dss on minor 0
[[0;32m  OK  [0m] Created slice [0;1;39mSlice /system/tee-sup[    7.366375] tidss 30200000.dss: [drm] Cannot find any crtc or sizes
plicant[0m.
[    7.380409] tidss 30200000.dss: [drm] Cannot find any crtc or sizes
         Starting [0;1;39mStart psplash boot splash screen[0m...
[[0;1;31mFAILED[0m] Failed to start [0;1;39mStart psplash boot splash screen[0m.
See 'systemctl status psplash-start.service' for details.
[[0;1;38;5;185mDEPEND[0m] Dependency failed for [0;1;39mStart psplasâ€¦temd progress communication helper[0m.
         Starting [0;1;39mVirtual Console Setup[0m...
         Starting [0;1;39mStart psplash boot splash screen[0m...
[[0;1;31mFAILED[0m] Failed to start [0;1;39mStart psplash boot splash screen[0m.
See 'systemctl status psplash-start.service' for details.
[[0;1;38;5;185mDEPEND[0m] Dependency failed for [0;1;39mStart psplasâ€¦temd progress communication helper[0m.
[[0;32m  OK  [0m] Finished [0;1;39mVirtual Console Setup[0m.
[[0;32m  OK  [0m] Created slice [0;1;39mSlice /system/systemd-fsck[0m.
         Expecting device [0;1;39m/dev/mmcblk0p1[0m...
[[0;32m  OK  [0m] Found device [0;1;39m/dev/mmcblk0p1[0m.
         Starting [0;1;39mFile System Check on /dev/mmcblk0p1[0m...
[[0;32m  OK  [0m] Finished [0;1;39mRebuild Dynamic Linker Cache[0m.
         Expecting device [0;1;39m/dev/mmcblk1p1[0m...
         Starting [0;1;39mUpdate is Completed[0m...
[[0;32m  OK  [0m] Finished [0;1;39mFile System Check on /dev/mmcblk0p1[0m.
         Mounting [0;1;39m/run/media/mmcblk0p1[0m...
[[0;32m  OK  [0m] Finished [0;1;39mUpdate is Completed[0m.
[[0;32m  OK  [0m] Reached target [0;1;39mSystem Initialization[0m.
[[0;32m  OK  [0m] Started [0;1;39mDaily rotation of log files[0m.
[[0;32m  OK  [0m] Started [0;1;39mDaily Cleanup of Temporary Directories[0m.
[[0;32m  OK  [0m] Reached target [0;1;39mTimer Units[0m.
[[0;32m  OK  [0m] Listening on [0;1;39mAvahi mDNS/DNS-SD Stack Activation Socket[0m.
[[0;32m  OK  [0m] Listening on [0;1;39mD-Bus System Message Bus Socket[0m.
         Starting [0;1;39mDocker Socket for the API[0m...
[[0;32m  OK  [0m] Listening on [0;1;39mdropbear.socket[0m.
[[0;32m  OK  [0m] Listening on [0;1;39mPC/SC Smart Card Daemon Activation Socket[0m.
         Starting [0;1;39mWeston socket[0m...
[    8.612627] audit: type=1334 audit(16.200:9): prog-id=13 op=LOAD
         Starting [0;1;39mD-Bus System Message Bus[0m...
         Starting [0;1;39mReboot and dump vmcore via kexec[0m...
[[0;32m  OK  [0m] Mounted [0;1;39m/run/media/mmcblk0p1[0m.
[[0;32m  OK  [0m] Listening on [0;1;39mDocker Socket for the API[0m.
[[0;32m  OK  [0m] Started [0;1;39mD-Bus System Message Bus[0m.
[[0;32m  OK  [0m] Listening on [0;1;39mWeston socket[0m.[    8.722924] dbus-broker-lau[581]: memfd_create() called without MFD_EXEC or MFD_NOEXEC_SEAL set

[[0;32m  OK  [0m] Finished [0;1;39mReboot and dump vmcore via kexec[0m.
[[0;32m  OK  [0m] Found device [0;1;39m/dev/mmcblk1p1[0m.
[[0;32m  OK  [0m] Reached target [0;1;39mSocket Units[0m.
[[0;32m  OK  [0m] Reached target [0;1;39mBasic System[0m.
         Starting [0;1;39mSave/Restore Sound Card State[0m...
[[0;32m  OK  [0m] Started [0;1;39mJob spooling tools[0m.
         Starting [0;1;39mAvahi mDNS/DNS-SD Stack[0m...
[[0;32m  OK  [0m] Started [0;1;39mPeriodic Command Scheduler[0m.
         Starting [0;1;39mPrint notice about GPLv3 packages[0m...
         Starting [0;1;39mIPv6 Packet Filtering Framework[0m...
         Starting [0;1;39mIPv4 Packet Filtering Framework[0m...
[[0;32m  OK  [0m] Started [0;1;39mirqbalance daemon[0m.
         Starting [0;1;39mTelephony service[0m...
         Starting [0;1;39mExpand the rootfs partitiâ€¦to full size of the boot device.[0m...
[[0;32m  OK  [0m] Started [0;1;39mstrongSwan IPsec IKEv1/IKEv2 daemon using ipsec.conf[0m.
         Starting [0;1;39mFile System Check on /dev/mmcblk1p1[0m...
[    9.016804] audit: type=1334 audit(16.604:10): prog-id=14 op=LOAD
[    9.023341] audit: type=1334 audit(16.604:11): prog-id=15 op=LOAD
[    9.031222] audit: type=1334 audit(16.612:12): prog-id=16 op=LOAD
         Starting [0;1;39mUser Login Management[0m...
[[0;32m  OK  [0m] Started [0;1;39mTEE Supplicant on teepriv0[0m.
         Starting [0;1;39mTelnet Server[0m...
[[0;32m  OK  [0m] Finished [0;1;39mSave/Restore Sound Card State[0m.
[[0;32m  OK  [0m] Finished [0;1;39mIPv6 Packet Filtering Framework[0m.
[[0;32m  OK  [0m] Finished [0;1;39mIPv4 Packet Filtering Framework[0m.
[[0;32m  OK  [0m] Started [0;1;39mTelephony service[0m.
[[0;32m  OK  [0m] Started [0;1;39mAvahi mDNS/DNS-SD Stack[0m.
[[0;32m  OK  [0m] Reached target [0;1;39mPreparation for Network[0m.
[[0;32m  OK  [0m] Reached target [0;1;39mSound[    9.170909] audit: type=1334 audit(16.760:13): prog-id=17 op=LOAD
 Card[0m.
         Starting [0;1;39mNetwork Configuration[0m...
[[0;32m  OK  [0m] Finished [0;1;39mTelnet Server[0m.
[[0;32m  OK  [0m] Listening on [0;1;39mLoad/Save RF Kill Switch Status /dev/rfkill Watch[0m.
[[0;32m  OK  [0m] Finished [0;1;39mFile System Check on /dev/mmcblk1p1[0m.
         Mounting [0;1;39m/run/media/BOOT-mmcblk1p1[0m...
[    9.475128] Bluetooth: Core ver 2.22
[    9.478940] NET: Registered PF_BLUETOOTH protocol family
[    9.484427] Bluetooth: HCI device and connection manager initialized
[    9.490920] Bluetooth: HCI socket layer initialized
[    9.495872] Bluetooth: L2CAP socket layer initialized
[    9.501006] Bluetooth: SCO socket layer initialized
[[0;32m  OK  [0m] Started [0;1;39mUser Login Management[0m.
[    9.575390] cfg80211: Loading compiled-in X.509 certificates for regulatory database
[    9.606355] Loaded X.509 cert 'sforshee: 00b28ddf47aef9cea7'
[    9.617426] Loaded X.509 cert 'wens: 61c038651aabdcf94bd0ac7ff06c7248db18c600'
[[0;32m  OK  [0m] Started [0;1;39mNetwork Configuration[0m.
[[0;32m  OK  [0m] Mounted [0;1;39m/run/media/BOOT-mmcblk1p1[0m.
[[0;32m  OK  [0m] Reached target [0;1;39mNetwork[0m.
[    9.763245] am65-cpsw-nuss 8000000.ethernet eth0: PHY [8000f00.mdio:00] driver [TI DP83867] (irq=POLL)
[    9.772711] am65-cpsw-nuss 8000000.ethernet eth0: configuring for phy/rgmii-rxid link mode
         Starting [0;1;39mEnable and configure wl18xx bluetooth stack[0m...
         Starting [0;1;39mcontainerd container runtime[0m...
         Starting [0;1;39mLLDP daemon[0m...
[[0;32m  OK  [0m] Started [0;1;39mNetperf Benchmark Server[0m.
         Starting [0;1;39mSimple Network Management Protocol (SNMP) Daemon.[0m...
         Starting [0;1;39mPermit User Sessions[0m...
[[0;32m  OK  [0m] Finished [0;1;39mEnable and configure wl18xx bluetooth stack[0m.
[[0;32m  OK  [0m] Finished [0;1;39mPermit User Sessions[0m.
[[0;32m  OK  [0m] Started [0;1;39mLLDP daemon[0m.
[[0;32m  OK  [0m] Started [0;1;39mGetty on tty1[0m.
[[0;32m  OK  [0m] Started [0;1;39mSerial Getty on ttyS2[0m.
[[0;32m  OK  [0m] Reached target [0;1;39mLogin Prompts[0m.
         Starting [0;1;39mSynchronize System and HW clocks[0m...
         Starting [0;1;39mWeston, a Wayland compositor, as a system service[0m...
[[0;32m  OK  [0m] Created slice [0;1;39mUser Slice of UID 1000[0m.
         Starting [0;1;39mUser Runtime Directory /run/user/1000[0m...
[[0;32m  OK  [0m] Finished [0;1;39mSynchronize System and HW clocks[0m.
[[0;32m  OK  [0m] Finished [0;1;39mUser Runtime Directory /run/user/1000[0m.
         Starting [0;1;39mUser Manager for UID 1000[0m...
[   10.562365] EXT4-fs (mmcblk1p2): resizing filesystem from 2893831 to 7539456 blocks
[   10.633375] audit: type=1006 audit(18.220:14): pid=677 uid=0 subj=kernel old-auid=4294967295 auid=1000 tty=(none) old-ses=4294967295 ses=1 res=1
[   10.646914] audit: type=1300 audit(18.220:14): arch=c00000b7 syscall=64 success=yes exit=4 a0=8 a1=ffffcae80fd8 a2=4 a3=1 items=0 ppid=1 pid=677 auid=1000 uid=0 gid=0 euid=0 suid=0 fsuid=0 egid=0 sgid=0 fsgid=0 tty=(none) ses=1 comm="(systemd)" exe="/usr/lib/systemd/systemd-executor" subj=kernel key=(null)
[   10.674129] audit: type=1327 audit(18.220:14): proctitle="(systemd)"
[   11.701335] EXT4-fs (mmcblk1p2): resized filesystem to 7539456
[[0;32m  OK  [0m] Finished [0;1;39mExpand the rootfs partition to full size of the boot device.[0m.
[[0;32m  OK  [0m] Started [0;1;39mSimple Network Management Protocol (SNMP) Daemon.[0m.
[[0;32m  OK  [0m] Started [0;1;39mcontainerd container runtime[0m.
[[0;32m  OK  [0m] Started [0;1;39mUser Manager for UID 1000[0m.
[[0;32m  OK  [0m] Started [0;1;39mSession c1 of User weston[[   12.541763] audit: type=1006 audit(20.132:15): pid=665 uid=0 subj=kernel old-auid=4294967295 auid=1000 tty=tty7 old-ses=4294967295 ses=2 res=1
0m.
[   12.556036] audit: type=1300 audit(20.132:15): arch=c00000b7 syscall=64 success=yes exit=4 a0=8 a1=fffffaa71538 a2=4 a3=1 items=0 ppid=1 pid=665 auid=1000 uid=0 gid=0 euid=0 suid=0 fsuid=0 egid=0 sgid=0 fsgid=0 tty=tty7 ses=2 comm="(weston)" exe="/usr/lib/systemd/systemd-executor" subj=kernel key=(null)
[   12.583321] audit: type=1327 audit(20.132:15): proctitle="(weston)"
[[0;1;31mFAILED[0m] Failed to start [0;1;39mWeston, a Wayland compositor, as a system service[0m.
See 'systemctl status weston.service' for details.
         Starting [0;1;39mEdgeAI OOB demos[0m...
[   14.186048] vdec 30210000.video-codec: Runtime PM usage count underflow!
[   14.260049] vdec 30210000.video-codec: error -ENXIO: IRQ index 0 not found
[   14.266988] vdec 30210000.video-codec: failed to get irq resource, falling back to polling
[   14.275515] vdec 30210000.video-codec: OPP table not found in device tree
[   14.285723] vdec 30210000.video-codec: Added wave5 driver with caps: 'ENCODE' 'DECODE'
[   14.293760] vdec 30210000.video-codec: Product Code:      0x521c
[   14.299865] vdec 30210000.video-codec: Firmware Revision: 334314
[[0;32m  OK  [0m] Started [0;1;39mEdgeAI OOB demos[0m.
***************************************************************
***************************************************************
NOTICE: This file system contains the following GPL-3.0 packages:
	adwaita-icon-theme-symbolic
	autoconf
	bash-dev
	bash
	bc
	binutils
	cifs-utils
	coreutils-stdbuf
	coreutils
	cpio
	cpp-symlinks
	cpp
	dosfstools
	elfutils-dev
	elfutils
	findutils
	g++-symlinks
	g++
	gawk
	gcc-symlinks
	gcc
	gdb
	gdbserver
	gettext
	glmark2
	gnu-config
	grub-common
	grub-editenv
	grub-efi
	gzip
	hidapi
	kbd-dev
	kbd-keymaps-pine
	less
	libasm1
	libatomic-dev
	libatomic1
	libbfd
	libdebuginfod1
	libdw1
	libelf1
	libgcc-s-dev
	libgcc1
	libgdbm-compat4
	libgdbm-dev
	libgdbm6
	libgettextlib
	libgettextsrc
	libgmp-dev
	libgmp10
	libgmpxx4
	libgnutls-dev
	libgnutls-openssl27
	libidn2-0
	libidn2-dev
	libmpc3
	libmpfr6
	libopcodes
	libqt5charts-examples
	libqt5charts-plugins
	libqt5charts-qmlplugins
	libqt5charts5
	libqt5serialport-examples
	libqt5serialport-plugins
	libqt5serialport-qmlplugins
	libqt5serialport5
	libqt5svg-examples
	libqt5svg-plugins
	libqt5svg-qmlplugins
	libqt5svg5
	libqt5virtualkeyboard-plugins
	libqt5virtualkeyboard-qmlplugins
	libqt5virtualkeyboard5
	libreadline-dev
	libreadline8
	libstdc++-dev
	libstdc++6
	libtasn1-dev
	libunistring-dev
	libunistring5
	m4
	make
	nettle-dev
	nettle
	parted
	piglit
	qt3d-plugins
	qt3d-qmlplugins
	qt3d
	qtbase-examples
	qtbase-plugins
	qtbase-qmlplugins
	qtbase
	qtconnectivity-plugins
	qtconnectivity-qmlplugins
	qtconnectivity
	qtdeclarative-plugins
	qtdeclarative-qmlplugins
	qtdeclarative-tools
	qtdeclarative
	qtgraphicaleffects-qmlplugins
	qtlocation-examples
	qtlocation-plugins
	qtlocation-qmlplugins
	qtlocation
	qtmultimedia-examples
	qtmultimedia-plugins
	qtmultimedia-qmlplugins
	qtmultimedia
	qtquick3d-plugins
	qtquick3d-qmlplugins
	qtquick3d
	qtquics-qmlplugins.control
	qtquics2-plugins.control
	qtquics2-qmlplugins.control
	qtquics2.control
	qtscript-examples
	qtscript-plugins
	qtscript-qmlplugins
	qtscript
	qtwayland-examples
	qtwayland-plugins
	qtwayland-qmlplugins
	qtwayland
	tar
	which

If you do not wish to distribute GPL-3.0 components please remove
the above packages prior to distribution.  This can be done using
the opkg remove command.  i.e.:
    opkg remove <package>
Where <package> is the name printed in the list above

NOTE: If the package is a dependency of another package you
      will be notified of the dependent packages.  You should
      use the --force-removal[   15.714395] audit: type=1701 audit(23.304:16): auid=4294967295 uid=0 gid=0 ses=4294967295 subj=kernel pid=841 comm="edgeai-gui-app" exe="/usr/bin/edgeai-gui-app" sig=6 res=1
-of-dependent-packages option to
      also remove the dependent packages as well
***************************************************************
*******************************************[   15.746274] audit: type=1334 audit(23.336:17): prog-id=18 op=LOAD
********************
[   15.753125] audit: type=1334 audit(23.344:18): prog-id=19 op=LOAD
[   15.761048] audit: type=1334 audit(23.352:19): prog-id=20 op=LOAD

 _____                    _____           _         _   
|  _  |___ ___ ___ ___   |  _  |___ ___  |_|___ ___| |_ 
|     |  _| .'| . | . |  |   __|  _| . | | | -_|  _|  _|
|__|__|_| |__,|_  |___|  |__|  |_| |___|_| |___|___|_|  
              |___|                    |___|            

Arago Project am62axx-evm ttyS2

Arago 2023.10 am62axx-evm ttyS2

am62axx-evm login: [   16.672957] audit: type=1334 audit(24.264:20): prog-id=20 op=UNLOAD
[   16.679391] audit: type=1334 audit(24.264:21): prog-id=19 op=UNLOAD
[   16.685768] audit: type=1334 audit(24.264:22): prog-id=18 op=UNLOAD
[   16.799419] vdec 30210000.video-codec: Runtime PM usage count underflow!
[   16.851065] vdec 30210000.video-codec: error -ENXIO: IRQ index 0 not found
[   16.857978] vdec 30210000.video-codec: failed to get irq resource, falling back to polling
[   16.866553] vdec 30210000.video-codec: OPP table not found in device tree
[   16.876056] vdec 30210000.video-codec: Added wave5 driver with caps: 'ENCODE' 'DECODE'
[   16.884090] vdec 30210000.video-codec: Product Code:      0x521c
[   16.890160] vdec 30210000.video-codec: Firmware Revision: 334314
lslsclearclear
U-Boot SPL 2024.04-ti-g29d0c23d67ee (Nov 29 2024 - 11:41:54 +0000)
SYSFW ABI: 4.0 (firmware rev 0x000a '10.1.8--v10.01.08 (Fiery Fox)')
SPL initial stack usage: 13568 bytes
Trying to boot from MMC2
Authentication passed
Authentication passed
Authentication passed
Authentication passed
Authentication passed
Starting ATF on ARM64 core...

NOTICE:  BL31: v2.11.0(release):v2.11.0-906-g58b25570c9-dirty
NOTICE:  BL31: Built : 04:20:32, Nov  1 2024

U-Boot SPL 2024.04-ti-g29d0c23d67ee (Nov 29 2024 - 11:41:54 +0000)
SYSFW ABI: 4.0 (firmware rev 0x000a '10.1.8--v10.01.08 (Fiery Fox)')
Trying to boot from MMC2
Authentication passed
Authentication passed


U-Boot 2024.04-ti-g29d0c23d67ee (Nov 29 2024 - 11:41:54 +0000)

SoC:   AM62AX SR1.0 HS-FS
Model: Texas Instruments AM62A7 SK
DRAM:  2 GiB (effective 4 GiB)
Core:  87 devices, 30 uclasses, devicetree: separate
MMC:   mmc@fa10000: 0, mmc@fa00000: 1
Loading Environment from nowhere... OK
In:    serial@2800000
Out:   serial@2800000
Err:   serial@2800000
Net:   eth0: ethernet@8000000port@1
Hit any key to stop autoboot:  2  1  0 
switch to partitions #0, OK
mmc1 is current device
SD/MMC found on device 1
653 bytes read in 33 ms (18.6 KiB/s)
Loaded env from uEnv.txt
Importing environment from mmc1 ...
53172 bytes read in 40 ms (1.3 MiB/s)
Warning: Did not detect image signing certificate. Skipping authentication to prevent boot failure. This will fail on Security Enforcing(HS-SE) devices
Load Remote Processor 0 with data@addr=0x82000000 53172 bytes: Success!
10719312 bytes read in 88 ms (116.2 MiB/s)
Warning: Did not detect image signing certificate. Skipping authentication to prevent boot failure. This will fail on Security Enforcing(HS-SE) devices
Load Remote Processor 2 with data@addr=0x82000000 10719312 bytes: Success!
21029376 bytes read in 252 ms (79.6 MiB/s)
61175 bytes read in 35 ms (1.7 MiB/s)
Working FDT set to 88000000
## Flattened Device Tree blob at 88000000
   Booting using the fdt blob at 0x88000000
Working FDT set to 88000000
   Loading Device Tree to 000000008feee000, end 000000008fffffff ... OK
Working FDT set to 8feee000

Starting kernel ...

[    0.000000] Booting Linux on physical CPU 0x0000000000 [0x410fd034]
[    0.000000] Linux version 6.6.58-ti-01497-ga7758da17c28-dirty (oe-user@oe-host) (aarch64-oe-linux-gcc (GCC) 13.3.0, GNU ld (GNU Binutils) 2.42.0.20240723) #1 SMP PREEMPT Wed Nov 27 13:23:15 UTC 2024
[    0.000000] KASLR disabled due to lack of seed
[    0.000000] Machine model: Texas Instruments AM62A7 SK
[    0.000000] earlycon: ns16550a0 at MMIO32 0x0000000002800000 (options '')
[    0.000000] printk: bootconsole [ns16550a0] enabled
[    0.000000] efi: UEFI not found.
[    0.000000] Reserved memory: created CMA memory pool at 0x00000000c0000000, size 576 MiB
[    0.000000] OF: reserved mem: initialized node linux,cma, compatible id shared-dma-pool
[    0.000000] OF: reserved mem: 0x00000000c0000000..0x00000000e3ffffff (589824 KiB) map reusable linux,cma
[    0.000000] OF: reserved mem: 0x0000000080000000..0x000000008007ffff (512 KiB) nomap non-reusable tfa@80000000
[    0.000000] Reserved memory: created DMA memory pool at 0x0000000099800000, size 1 MiB
[    0.000000] OF: reserved mem: initialized node c7x-dma-memory@99800000, compatible id shared-dma-pool
[    0.000000] OF: reserved mem: 0x0000000099800000..0x00000000998fffff (1024 KiB) nomap non-reusable c7x-dma-memory@99800000
[    0.000000] Reserved memory: created DMA memory pool at 0x0000000099900000, size 31 MiB
[    0.000000] OF: reserved mem: initialized node c7x-memory@99900000, compatible id shared-dma-pool
[    0.000000] OF: reserved mem: 0x0000000099900000..0x000000009b7fffff (31744 KiB) nomap non-reusable c7x-memory@99900000
[    0.000000] Reserved memory: created DMA memory pool at 0x000000009b800000, size 1 MiB
[    0.000000] OF: reserved mem: initialized node r5f-dma-memory@9b800000, compatible id shared-dma-pool
[    0.000000] OF: reserved mem: 0x000000009b800000..0x000000009b8fffff (1024 KiB) nomap non-reusable r5f-dma-memory@9b800000
[    0.000000] Reserved memory: created DMA memory pool at 0x000000009b900000, size 15 MiB
[    0.000000] OF: reserved mem: initialized node r5f-dma-memory@9b900000, compatible id shared-dma-pool
[    0.000000] OF: reserved mem: 0x000000009b900000..0x000000009c7fffff (15360 KiB) nomap non-reusable r5f-dma-memory@9b900000
[    0.000000] Reserved memory: created DMA memory pool at 0x000000009c800000, size 1 MiB
[    0.000000] OF: reserved mem: initialized node r5f-dma-memory@9c800000, compatible id shared-dma-pool
[    0.000000] OF: reserved mem: 0x000000009c800000..0x000000009c8fffff (1024 KiB) nomap non-reusable r5f-dma-memory@9c800000
[    0.000000] Reserved memory: created DMA memory pool at 0x000000009c900000, size 30 MiB
[    0.000000] OF: reserved mem: initialized node r5f-dma-memory@9c900000, compatible id shared-dma-pool
[    0.000000] OF: reserved mem: 0x000000009c900000..0x000000009e6fffff (30720 KiB) nomap non-reusable r5f-dma-memory@9c900000
[    0.000000] OF: reserved mem: 0x000000009e800000..0x000000009fffffff (24576 KiB) nomap non-reusable optee@9e800000
[    0.000000] OF: reserved mem: 0x00000000a0000000..0x00000000a0ffffff (16384 KiB) nomap non-reusable edgeai-rtos-ipc-memory-region
[    0.000000] Reserved memory: created DMA memory pool at 0x00000000a1000000, size 32 MiB
[    0.000000] OF: reserved mem: initialized node edgeai-dma-memory@a1000000, compatible id shared-dma-pool
[    0.000000] OF: reserved mem: 0x00000000a1000000..0x00000000a2ffffff (32768 KiB) nomap non-reusable edgeai-dma-memory@a1000000
[    0.000000] OF: reserved mem: initialized node edgeai_shared-memories, compatible id dma-heap-carveout
[    0.000000] OF: reserved mem: 0x00000000a3000000..0x00000000adffffff (180224 KiB) map non-reusable edgeai_shared-memories
[    0.000000] Reserved memory: created DMA memory pool at 0x00000000ae000000, size 288 MiB
[    0.000000] OF: reserved mem: initialized node edgeai-core-heap-memory@ae000000, compatible id shared-dma-pool
[    0.000000] OF: reserved mem: 0x00000000ae000000..0x00000000bfffffff (294912 KiB) nomap non-reusable edgeai-core-heap-memory@ae000000
[    0.000000] Zone ranges:
[    0.000000]   DMA      [mem 0x0000000080000000-0x00000000ffffffff]
[    0.000000]   DMA32    empty
[    0.000000]   Normal   [mem 0x0000000100000000-0x00000008ffffffff]
[    0.000000] Movable zone start for each node
[    0.000000] Early memory node ranges
[    0.000000]   node   0: [mem 0x0000000080000000-0x000000008007ffff]
[    0.000000]   node   0: [mem 0x0000000080080000-0x00000000997fffff]
[    0.000000]   node   0: [mem 0x0000000099800000-0x000000009e6fffff]
[    0.000000]   node   0: [mem 0x000000009e700000-0x000000009e7fffff]
[    0.000000]   node   0: [mem 0x000000009e800000-0x00000000a2ffffff]
[    0.000000]   node   0: [mem 0x00000000a3000000-0x00000000adffffff]
[    0.000000]   node   0: [mem 0x00000000ae000000-0x00000000bfffffff]
[    0.000000]   node   0: [mem 0x00000000c0000000-0x00000000ffffffff]
[    0.000000]   node   0: [mem 0x0000000880000000-0x00000008ffffffff]
[    0.000000] Initmem setup node 0 [mem 0x0000000080000000-0x00000008ffffffff]
[    0.000000] psci: probing for conduit method from DT.
[    0.000000] psci: PSCIv1.1 detected in firmware.
[    0.000000] psci: Using standard PSCI v0.2 function IDs
[    0.000000] psci: Trusted OS migration not required
[    0.000000] psci: SMC Calling Convention v1.5
[    0.000000] percpu: Embedded 20 pages/cpu s43176 r8192 d30552 u81920
[    0.000000] Detected VIPT I-cache on CPU0
[    0.000000] CPU features: detected: GIC system register CPU interface
[    0.000000] CPU features: detected: ARM erratum 845719
[    0.000000] alternatives: applying boot alternatives
[    0.000000] Kernel command line: console=ttyS2,115200n8 earlycon=ns16550a,mmio32,0x02800000 mtdparts=spi-nand0:512k(ospi_nand.tiboot3),2m(ospi_nand.tispl),4m(ospi_nand.u-boot),256k(ospi_nand.env),256k(ospi_nand.env.backup),98048k@32m(ospi_nand.rootfs),256k@130816k(ospi_nand.phypattern) root=PARTUUID=076c4a2a-02 rw rootfstype=ext4 rootwait
[    0.000000] Dentry cache hash table entries: 524288 (order: 10, 4194304 bytes, linear)
[    0.000000] Inode-cache hash table entries: 262144 (order: 9, 2097152 bytes, linear)
[    0.000000] Built 1 zonelists, mobility grouping on.  Total pages: 1032192
[    0.000000] mem auto-init: stack:all(zero), heap alloc:off, heap free:off
[    0.000000] software IO TLB: area num 4.
[    0.000000] software IO TLB: mapped [mem 0x00000000fbfff000-0x00000000fffff000] (64MB)
[    0.000000] Memory: 2807100K/4194304K available (12480K kernel code, 1272K rwdata, 4184K rodata, 2496K init, 528K bss, 797380K reserved, 589824K cma-reserved)
[    0.000000] SLUB: HWalign=64, Order=0-3, MinObjects=0, CPUs=4, Nodes=1
[    0.000000] rcu: Preemptible hierarchical RCU implementation.
[    0.000000] rcu: 	RCU event tracing is enabled.
[    0.000000] rcu: 	RCU restricting CPUs from NR_CPUS=256 to nr_cpu_ids=4.
[    0.000000] 	Trampoline variant of Tasks RCU enabled.
[    0.000000] 	Tracing variant of Tasks RCU enabled.
[    0.000000] rcu: RCU calculated value of scheduler-enlistment delay is 25 jiffies.
[    0.000000] rcu: Adjusting geometry for rcu_fanout_leaf=16, nr_cpu_ids=4
[    0.000000] NR_IRQS: 64, nr_irqs: 64, preallocated irqs: 0
[    0.000000] GICv3: GIC: Using split EOI/Deactivate mode
[    0.000000] GICv3: 256 SPIs implemented
[    0.000000] GICv3: 0 Extended SPIs implemented
[    0.000000] Root IRQ handler: gic_handle_irq
[    0.000000] GICv3: GICv3 features: 16 PPIs
[    0.000000] GICv3: CPU0: found redistributor 0 region 0:0x0000000001880000
[    0.000000] ITS [mem 0x01820000-0x0182ffff]
[    0.000000] GIC: enabling workaround for ITS: Socionext Synquacer pre-ITS
[    0.000000] ITS@0x0000000001820000: Devices Table too large, reduce ids 20->19
[    0.000000] ITS@0x0000000001820000: allocated 524288 Devices @880800000 (flat, esz 8, psz 64K, shr 0)
[    0.000000] ITS: using cache flushing for cmd queue
[    0.000000] GICv3: using LPI property table @0x0000000880040000
[    0.000000] GIC: using cache flushing for LPI property table
[    0.000000] GICv3: CPU0: using allocated LPI pending table @0x0000000880050000
[    0.000000] rcu: srcu_init: Setting srcu_struct sizes based on contention.
[    0.000000] arch_timer: cp15 timer(s) running at 200.00MHz (phys).
[    0.000000] clocksource: arch_sys_counter: mask: 0x3ffffffffffffff max_cycles: 0x2e2049d3e8, max_idle_ns: 440795210634 ns
[    0.000000] sched_clock: 58 bits at 200MHz, resolution 5ns, wraps every 4398046511102ns
[    0.008530] Console: colour dummy device 80x25
[    0.013122] Calibrating delay loop (skipped), value calculated using timer frequency.. 400.00 BogoMIPS (lpj=800000)
[    0.023804] pid_max: default: 32768 minimum: 301
[    0.028608] LSM: initializing lsm=capability,selinux,integrity
[    0.034597] SELinux:  Initializing.
[    0.038277] Mount-cache hash table entries: 8192 (order: 4, 65536 bytes, linear)
[    0.045856] Mountpoint-cache hash table entries: 8192 (order: 4, 65536 bytes, linear)
[    0.055523] RCU Tasks: Setting shift to 2 and lim to 1 rcu_task_cb_adjust=1.
[    0.062827] RCU Tasks Trace: Setting shift to 2 and lim to 1 rcu_task_cb_adjust=1.
[    0.070739] rcu: Hierarchical SRCU implementation.
[    0.075645] rcu: 	Max phase no-delay instances is 1000.
[    0.081228] Platform MSI: msi-controller@1820000 domain created
[    0.087480] PCI/MSI: /bus@f0000/interrupt-controller@1800000/msi-controller@1820000 domain created
[    0.096900] EFI services will not be available.
[    0.101767] smp: Bringing up secondary CPUs ...
[    0.106989] Detected VIPT I-cache on CPU1
[    0.107057] GICv3: CPU1: found redistributor 1 region 0:0x00000000018a0000
[    0.107073] GICv3: CPU1: using allocated LPI pending table @0x0000000880060000
[    0.107116] CPU1: Booted secondary processor 0x0000000001 [0x410fd034]
[    0.107772] Detected VIPT I-cache on CPU2
[    0.107824] GICv3: CPU2: found redistributor 2 region 0:0x00000000018c0000
[    0.107836] GICv3: CPU2: using allocated LPI pending table @0x0000000880070000
[    0.107869] CPU2: Booted secondary processor 0x0000000002 [0x410fd034]
[    0.108458] Detected VIPT I-cache on CPU3
[    0.108507] GICv3: CPU3: found redistributor 3 region 0:0x00000000018e0000
[    0.108519] GICv3: CPU3: using allocated LPI pending table @0x0000000880080000
[    0.108547] CPU3: Booted secondary processor 0x0000000003 [0x410fd034]
[    0.108620] smp: Brought up 1 node, 4 CPUs
[    0.188341] SMP: Total of 4 processors activated.
[    0.193153] CPU features: detected: 32-bit EL0 Support
[    0.198424] CPU features: detected: CRC32 instructions
[    0.203735] CPU: All CPU(s) started at EL2
[    0.207933] alternatives: applying system-wide alternatives
[    0.215201] devtmpfs: initialized
[    0.227849] clocksource: jiffies: mask: 0xffffffff max_cycles: 0xffffffff, max_idle_ns: 7645041785100000 ns
[    0.237848] futex hash table entries: 1024 (order: 4, 65536 bytes, linear)
[    0.258485] pinctrl core: initialized pinctrl subsystem
[    0.264317] DMI not present or invalid.
[    0.268833] NET: Registered PF_NETLINK/PF_ROUTE protocol family
[    0.275676] DMA: preallocated 512 KiB GFP_KERNEL pool for atomic allocations
[    0.283015] DMA: preallocated 512 KiB GFP_KERNEL|GFP_DMA pool for atomic allocations
[    0.291087] DMA: preallocated 512 KiB GFP_KERNEL|GFP_DMA32 pool for atomic allocations
[    0.299237] audit: initializing netlink subsys (disabled)
[    0.304930] audit: type=2000 audit(0.192:1): state=initialized audit_enabled=0 res=1
[    0.305369] thermal_sys: Registered thermal governor 'step_wise'
[    0.312860] thermal_sys: Registered thermal governor 'power_allocator'
[    0.319042] cpuidle: using governor menu
[    0.329892] hw-breakpoint: found 6 breakpoint and 4 watchpoint registers.
[    0.336917] ASID allocator initialised with 65536 entries
[    0.347457] /bus@f0000/interrupt-controller@1800000: Fixed dependency cycle(s) with /bus@f0000/interrupt-controller@1800000
[    0.358941] /bus@f0000/i2c@20000000/usb-power-controller@3f/connector: Fixed dependency cycle(s) with /bus@f0000/dwc3-usb@f900000/usb@31000000
[    0.372057] /bus@f0000/i2c@20010000/bridge-hdmi@3b: Fixed dependency cycle(s) with /bus@f0000/dss@30200000
[    0.381979] /bus@f0000/dwc3-usb@f900000/usb@31000000: Fixed dependency cycle(s) with /bus@f0000/i2c@20000000/usb-power-controller@3f/connector
[    0.395135] /bus@f0000/dss@30200000: Fixed dependency cycle(s) with /bus@f0000/i2c@20010000/bridge-hdmi@3b
[    0.409873] /bus@f0000/i2c@20000000/usb-power-controller@3f/connector: Fixed dependency cycle(s) with /bus@f0000/dwc3-usb@f900000/usb@31000000
[    0.423166] /bus@f0000/i2c@20010000/bridge-hdmi@3b: Fixed dependency cycle(s) with /bus@f0000/dss@30200000
[    0.433910] /bus@f0000/dwc3-usb@f900000/usb@31000000: Fixed dependency cycle(s) with /bus@f0000/i2c@20000000/usb-power-controller@3f/connector
[    0.447581] /bus@f0000/pinctrl@a40000: Fixed dependency cycle(s) with /bus@f0000/pinctrl@a40000/cpsw-cpts
[    0.458583] /bus@f0000/i2c@20010000/bridge-hdmi@3b: Fixed dependency cycle(s) with /bus@f0000/dss@30200000
[    0.468534] /bus@f0000/dss@30200000: Fixed dependency cycle(s) with /bus@f0000/i2c@20010000/bridge-hdmi@3b
[    0.480236] /bus@f0000/i2c@20010000/bridge-hdmi@3b: Fixed dependency cycle(s) with /connector-hdmi
[    0.489484] /connector-hdmi: Fixed dependency cycle(s) with /bus@f0000/i2c@20010000/bridge-hdmi@3b
[    0.499168] Modules: 27488 pages in range for non-PLT usage
[    0.499175] Modules: 519008 pages in range for PLT usage
[    0.505548] HugeTLB: registered 1.00 GiB page size, pre-allocated 0 pages
[    0.517944] HugeTLB: 0 KiB vmemmap can be freed for a 1.00 GiB page
[    0.524353] HugeTLB: registered 32.0 MiB page size, pre-allocated 0 pages
[    0.531293] HugeTLB: 0 KiB vmemmap can be freed for a 32.0 MiB page
[    0.537701] HugeTLB: registered 2.00 MiB page size, pre-allocated 0 pages
[    0.544641] HugeTLB: 0 KiB vmemmap can be freed for a 2.00 MiB page
[    0.551049] HugeTLB: registered 64.0 KiB page size, pre-allocated 0 pages
[    0.557988] HugeTLB: 0 KiB vmemmap can be freed for a 64.0 KiB page
[    0.565740] k3-chipinfo 43000014.chipid: Family:AM62AX rev:SR1.0 JTAGID[0x0bb8d02f] Detected
[    0.575041] iommu: Default domain type: Translated
[    0.579961] iommu: DMA domain TLB invalidation policy: strict mode
[    0.586553] SCSI subsystem initialized
[    0.590691] usbcore: registered new interface driver usbfs
[    0.596333] usbcore: registered new interface driver hub
[    0.601793] usbcore: registered new device driver usb
[    0.607404] pps_core: LinuxPPS API ver. 1 registered
[    0.612484] pps_core: Software ver. 5.3.6 - Copyright 2005-2007 Rodolfo Giometti <giometti@linux.it>
[    0.621834] PTP clock support registered
[    0.626035] EDAC MC: Ver: 3.0.0
[    0.629709] scmi_core: SCMI protocol bus registered
[    0.634980] FPGA manager framework
[    0.638537] Advanced Linux Sound Architecture Driver Initialized.
[    0.645677] vgaarb: loaded
[    0.648762] clocksource: Switched to clocksource arch_sys_counter
[    0.655300] VFS: Disk quotas dquot_6.6.0
[    0.659341] VFS: Dquot-cache hash table entries: 512 (order 0, 4096 bytes)
[    0.673193] Carveout Heap: Exported 176 MiB at 0x00000000a3000000
[    0.679534] NET: Registered PF_INET protocol family
[    0.684707] IP idents hash table entries: 65536 (order: 7, 524288 bytes, linear)
[    0.695141] tcp_listen_portaddr_hash hash table entries: 2048 (order: 3, 32768 bytes, linear)
[    0.703937] Table-perturb hash table entries: 65536 (order: 6, 262144 bytes, linear)
[    0.711884] TCP established hash table entries: 32768 (order: 6, 262144 bytes, linear)
[    0.720202] TCP bind hash table entries: 32768 (order: 8, 1048576 bytes, linear)
[    0.728575] TCP: Hash tables configured (established 32768 bind 32768)
[    0.735461] UDP hash table entries: 2048 (order: 4, 65536 bytes, linear)
[    0.742421] UDP-Lite hash table entries: 2048 (order: 4, 65536 bytes, linear)
[    0.749957] NET: Registered PF_UNIX/PF_LOCAL protocol family
[    0.756185] RPC: Registered named UNIX socket transport module.
[    0.762272] RPC: Registered udp transport module.
[    0.767083] RPC: Registered tcp transport module.
[    0.771892] RPC: Registered tcp-with-tls transport module.
[    0.777501] RPC: Registered tcp NFSv4.1 backchannel transport module.
[    0.784091] NET: Registered PF_XDP protocol family
[    0.789004] PCI: CLS 0 bytes, default 64
[    0.794378] Initialise system trusted keyrings
[    0.799164] workingset: timestamp_bits=46 max_order=20 bucket_order=0
[    0.806071] squashfs: version 4.0 (2009/01/31) Phillip Lougher
[    0.812287] NFS: Registering the id_resolver key type
[    0.817487] Key type id_resolver registered
[    0.821773] Key type id_legacy registered
[    0.825892] nfs4filelayout_init: NFSv4 File Layout Driver Registering...
[    0.832748] nfs4flexfilelayout_init: NFSv4 Flexfile Layout Driver Registering...
[    0.874330] Key type asymmetric registered
[    0.878531] Asymmetric key parser 'x509' registered
[    0.883567] Block layer SCSI generic (bsg) driver version 0.4 loaded (major 244)
[    0.891280] io scheduler mq-deadline registered
[    0.895920] io scheduler kyber registered
[    0.900050] io scheduler bfq registered
[    0.906925] pinctrl-single 4084000.pinctrl: 34 pins, size 136
[    0.913431] pinctrl-single f4000.pinctrl: 151 pins, size 604
[    0.920702] pinctrl-single a40000.pinctrl: 512 pins, size 2048
[    0.933047] Serial: 8250/16550 driver, 12 ports, IRQ sharing enabled
[    0.950436] loop: module loaded
[    0.954654] megasas: 07.725.01.00-rc1
[    0.962030] tun: Universal TUN/TAP device driver, 1.6
[    0.968144] VFIO - User Level meta-driver version: 0.3
[    0.974515] usbcore: registered new interface driver usb-storage
[    0.981310] i2c_dev: i2c /dev entries driver
[    0.987271] sdhci: Secure Digital Host Controller Interface driver
[    0.993616] sdhci: Copyright(c) Pierre Ossman
[    0.998301] sdhci-pltfm: SDHCI platform and OF driver helper
[    1.004835] ledtrig-cpu: registered to indicate activity on CPUs
[    1.011284] SMCCC: SOC_ID: ARCH_SOC_ID not implemented, skipping ....
[    1.018559] usbcore: registered new interface driver usbhid
[    1.024271] usbhid: USB HID core driver
[    1.029451] hw perfevents: enabled with armv8_cortex_a53 PMU driver, 7 counters available
[    1.038434] optee: probing for conduit method.
[    1.043005] optee: revision 4.4 (8f645256efc0dc66)
[    1.043306] optee: dynamic shared memory is enabled
[    1.053864] random: crng init done
[    1.057441] optee: initialized driver
[    1.062628] Initializing XFRM netlink socket
[    1.067050] NET: Registered PF_PACKET protocol family
[    1.072283] Key type dns_resolver registered
[    1.084971] registered taskstats version 1
[    1.089307] Loading compiled-in X.509 certificates
[    1.107192] ti-sci 44043000.system-controller: ABI: 4.0 (firmware rev 0x000a '10.1.8--v10.01.08 (Fiery Fox)')
[    1.153042] /bus@f0000/i2c@20000000/usb-power-controller@3f/connector: Fixed dependency cycle(s) with /bus@f0000/dwc3-usb@f900000/usb@31000000
[    1.166386] /bus@f0000/i2c@20000000/pmic@48: Fixed dependency cycle(s) with /bus@f0000/i2c@20000000/pmic@48/regulators/buck5
[    1.178055] omap_i2c 20000000.i2c: bus 0 rev0.12 at 400 kHz
[    1.185407] pca953x 1-0023: supply vcc not found, using dummy regulator
[    1.192305] pca953x 1-0023: using AI
[    1.210898] /connector-hdmi: Fixed dependency cycle(s) with /bus@f0000/i2c@20010000/bridge-hdmi@3b
[    1.220139] /bus@f0000/dss@30200000: Fixed dependency cycle(s) with /bus@f0000/i2c@20010000/bridge-hdmi@3b
[    1.230076] /bus@f0000/i2c@20010000/bridge-hdmi@3b: Fixed dependency cycle(s) with /connector-hdmi
[    1.239295] /bus@f0000/i2c@20010000/bridge-hdmi@3b: Fixed dependency cycle(s) with /bus@f0000/dss@30200000
[    1.249368] omap_i2c 20010000.i2c: bus 1 rev0.12 at 100 kHz
[    1.256107] omap_i2c 20020000.i2c: bus 2 rev0.12 at 400 kHz
[    1.262020] ti-sci-intr 4210000.interrupt-controller: Interrupt Router 5 domain created
[    1.270344] ti-sci-intr bus@f0000:interrupt-controller@a00000: Interrupt Router 3 domain created
[    1.279543] ti-sci-inta 48000000.interrupt-controller: Interrupt Aggregator domain 28 created
[    1.288529] ti-sci-inta 4e0a0000.interrupt-controller: Interrupt Aggregator domain 200 created
[    1.298010] ti-udma 485c0100.dma-controller: Number of rings: 82
[    1.306802] ti-udma 485c0100.dma-controller: Channels: 48 (bchan: 18, tchan: 12, rchan: 18)
[    1.317934] ti-udma 485c0000.dma-controller: Number of rings: 150
[    1.329058] ti-udma 485c0000.dma-controller: Channels: 35 (tchan: 20, rchan: 15)
[    1.338610] ti-udma 4e230000.dma-controller: Number of rings: 6
[    1.345293] ti-udma 4e230000.dma-controller: Channels: 6 (bchan: 0, tchan: 0, rchan: 6)
[    1.354736] printk: console [ttyS2] disabled
[    1.359420] 2800000.serial: ttyS2 at MMIO 0x2800000 (irq = 249, base_baud = 3000000) is a 8250
[    1.368314] printk: console [ttyS2] enabled
[    1.368314] printk: console [ttyS2] enabled
[    1.376774] printk: bootconsole [ns16550a0] disabled
[    1.376774] printk: bootconsole [ns16550a0] disabled
[    1.391038] spi-nand spi0.0: Winbond SPI NAND was found.
[    1.396372] spi-nand spi0.0: 128 MiB, block size: 256 KiB, page size: 4096, OOB size: 128
[    1.404707] 7 fixed-partitions partitions found on MTD device spi0.0
[    1.411066] Creating 7 MTD partitions on "spi0.0":
[    1.415853] 0x000000000000-0x000000080000 : "ospi_nand.tiboot3"
[    1.423212] 0x000000080000-0x000000280000 : "ospi_nand.tispl"
[    1.430986] 0x000000280000-0x000000680000 : "ospi_nand.u-boot"
[    1.439664] 0x000000680000-0x0000006c0000 : "ospi_nand.env"
[    1.446468] 0x0000006c0000-0x000000700000 : "ospi_nand.env.backup"
[    1.453866] 0x000002000000-0x000007fc0000 : "ospi_nand.rootfs"
[    1.499904] 0x000007fc0000-0x000008000000 : "ospi_nand.phypattern"
[    1.716772] davinci_mdio 8000f00.mdio: davinci mdio revision 9.7, bus freq 1000000
[    1.727994] davinci_mdio 8000f00.mdio: phy[0]: device 8000f00.mdio:00, driver TI DP83867
[    1.736126] am65-cpsw-nuss 8000000.ethernet: initializing am65 cpsw nuss version 0x6BA01103, cpsw version 0x6BA81103 Ports: 3 quirks:00000006
[    1.748913] am65-cpsw-nuss 8000000.ethernet: initialized cpsw ale version 1.5
[    1.756041] am65-cpsw-nuss 8000000.ethernet: ALE Table size 512
[    1.762426] pps pps0: new PPS source ptp0
[    1.766689] am65-cpsw-nuss 8000000.ethernet: CPTS ver 0x4e8a010c, freq:500000000, add_val:1 pps:1
[    1.780604] am65-cpsw-nuss 8000000.ethernet: set new flow-id-base 19
[    1.790135] /bus@f0000/i2c@20000000/usb-power-controller@3f/connector: Fixed dependency cycle(s) with /bus@f0000/dwc3-usb@f900000/usb@31000000
[    1.803082] /bus@f0000/dwc3-usb@f900000/usb@31000000: Fixed dependency cycle(s) with /bus@f0000/i2c@20000000/usb-power-controller@3f/connector
[    1.820302] xhci-hcd xhci-hcd.0.auto: xHCI Host Controller
[    1.825834] xhci-hcd xhci-hcd.0.auto: new USB bus registered, assigned bus number 1
[    1.833606] xhci-hcd xhci-hcd.0.auto: USB3 root hub has no ports
[    1.839611] xhci-hcd xhci-hcd.0.auto: hcc params 0x0258fe6d hci version 0x110 quirks 0x0000008020000010
[    1.849045] xhci-hcd xhci-hcd.0.auto: irq 264, io mem 0x31100000
[    1.855816] hub 1-0:1.0: USB hub found
[    1.859602] hub 1-0:1.0: 1 port detected
[    1.865052] cpufreq: cpufreq_online: CPU0: Running at unlisted initial frequency: 1200000 KHz, changing to: 1250000 KHz
[    1.877358] mmc0: CQHCI version 5.10
[    1.919390] mmc0: SDHCI controller on fa10000.mmc [fa10000.mmc] using ADMA 64-bit
[    1.972382] vddshv5_sdio: Bringing 1800000uV into 3300000-3300000uV
[    2.004611] mmc0: Command Queue Engine enabled
[    2.009080] mmc0: new HS200 MMC card at address 0001
[    2.014528] mmcblk0: mmc0:0001 G1M15L 29.6 GiB
[    2.020290]  mmcblk0: p1 p2
[    2.023616] mmcblk0boot0: mmc0:0001 G1M15L 31.5 MiB
[    2.029465] mmcblk0boot1: mmc0:0001 G1M15L 31.5 MiB
[    2.035254] mmcblk0rpmb: mmc0:0001 G1M15L 4.00 MiB, chardev (239:0)
[    2.163510] tps6594-rtc tps6594-rtc.5.auto: registered as rtc1
[    2.169724] pca953x 1-0022: supply vcc not found, using dummy regulator
[    2.176456] pca953x 1-0022: using AI
[    2.187083] mmc1: CQHCI version 5.10
[    2.188265] clk: Disabling unused clocks
[    2.198282] ALSA device list:
[    2.201338]   No soundcards found.
[    2.229343] mmc1: SDHCI controller on fa00000.mmc [fa00000.mmc] using ADMA 64-bit
[    2.237023] Waiting for root device PARTUUID=076c4a2a-02...
[    2.288558] mmc1: new ultra high speed SDR104 SDHC card at address 5048
[    2.295715] mmcblk1: mmc1:5048 SD32G 28.9 GiB
[    2.301508]  mmcblk1: p1 p2
[    2.737783] EXT4-fs (mmcblk1p2): recovery complete
[    2.743687] EXT4-fs (mmcblk1p2): mounted filesystem d5ae6b03-446f-4188-9396-67513a370fde r/w with ordered data mode. Quota mode: none.
[    2.755837] VFS: Mounted root (ext4 filesystem) on device 179:98.
[    2.762060] devtmpfs: mounted
[    2.765654] Freeing unused kernel memory: 2496K
[    2.770254] Run /sbin/init as init process
[    2.978016] systemd[1]: System time before build time, advancing clock.
[    3.020031] NET: Registered PF_INET6 protocol family
[    3.025854] Segment Routing with IPv6
[    3.029561] In-situ OAM (IOAM) with IPv6
[    3.069222] systemd[1]: systemd 255.13^ running in system mode (+PAM -AUDIT -SELINUX -APPARMOR +IMA -SMACK +SECCOMP -GCRYPT -GNUTLS -OPENSSL +ACL +BLKID -CURL -ELFUTILS -FIDO2 -IDN2 -IDN -IPTC +KMOD -LIBCRYPTSETUP +LIBFDISK -PCRE2 -PWQUALITY -P11KIT -QRENCODE -TPM2 -BZIP2 -LZ4 -XZ -ZLIB +ZSTD -BPF_FRAMEWORK -XKBCOMMON +UTMP +SYSVINIT default-hierarchy=unified)
[    3.101125] systemd[1]: Detected architecture arm64.

Welcome to [1mArago 2023.10[0m!

[    3.121934] systemd[1]: Hostname set to <am62axx-evm>.
[    3.221919] systemd-sysv-generator[112]: SysV service '/etc/init.d/edgeai-launcher.sh' lacks a native systemd unit file. ~ Automatically generating a unit file for compatibility. Please update package to include a native systemd unit file, in order to make it safe, robust and future-proof. ! This compatibility logic is deprecated, expect removal soon. !
[    3.416311] systemd[1]: /usr/lib/systemd/system/bt-enable.service:9: Standard output type syslog is obsolete, automatically updating to journal. Please update your unit file, and consider removing the setting altogether.
[    3.519086] systemd[1]: /etc/systemd/system/sync-clocks.service:11: Standard output type syslog is obsolete, automatically updating to journal. Please update your unit file, and consider removing the setting altogether.
[    3.595272] systemd[1]: Queued start job for default target Graphical Interface.
[    3.638340] systemd[1]: Created slice Slice /system/getty.
[[0;32m  OK  [0m] Created slice [0;1;39mSlice /system/getty[0m.
[    3.663056] systemd[1]: Created slice Slice /system/modprobe.
[[0;32m  OK  [0m] Created slice [0;1;39mSlice /system/modprobe[0m.
[    3.687089] systemd[1]: Created slice Slice /system/serial-getty.
[[0;32m  OK  [0m] Created slice [0;1;39mSlice /system/serial-getty[0m.
[    3.710482] systemd[1]: Created slice User and Session Slice.
[[0;32m  OK  [0m] Created slice [0;1;39mUser and Session Slice[0m.
[    3.733173] systemd[1]: Started Dispatch Password Requests to Console Directory Watch.
[[0;32m  OK  [0m] Started [0;1;39mDispatch Password Requests to Console Directory Watch[0m.
[    3.757091] systemd[1]: Started Forward Password Requests to Wall Directory Watch.
[[0;32m  OK  [0m] Started [0;1;39mForward Password Requests to Wall Directory Watch[0m.
[    3.780946] systemd[1]: Expecting device /dev/ttyS2...
         Expecting device [0;1;39m/dev/ttyS2[0m...
[    3.796982] systemd[1]: Reached target Path Units.
[[0;32m  OK  [0m] Reached target [0;1;39mPath Units[0m.
[    3.812894] systemd[1]: Reached target Remote File Systems.
[[0;32m  OK  [0m] Reached target [0;1;39mRemote File Systems[0m.
[    3.832878] systemd[1]: Reached target Slice Units.
[[0;32m  OK  [0m] Reached target [0;1;39mSlice Units[0m.
[    3.848894] systemd[1]: Reached target Swaps.
[[0;32m  OK  [0m] Reached target [0;1;39mSwaps[0m.
[    3.900838] systemd[1]: Listening on RPCbind Server Activation Socket.
[[0;32m  OK  [0m] Listening on [0;1;39mRPCbind Server Activation Socket[0m.
[    3.925037] systemd[1]: Reached target RPC Port Mapper.
[[0;32m  OK  [0m] Reached target [0;1;39mRPC Port Mapper[0m.
[    3.951801] systemd[1]: Listening on Process Core Dump Socket.
[[0;32m  OK  [0m] Listening on [0;1;39mProcess Core Dump Socket[0m.
[    3.973304] systemd[1]: Listening on initctl Compatibility Named Pipe.
[[0;32m  OK  [0m] Listening on [0;1;39minitctl Compatibility Named Pipe[0m.
[    3.997940] systemd[1]: Listening on Journal Audit Socket.
[[0;32m  OK  [0m] Listening on [0;1;39mJournal Audit Socket[0m.
[    4.021540] systemd[1]: Listening on Journal Socket (/dev/log).
[[0;32m  OK  [0m] Listening on [0;1;39mJournal Socket (/dev/log)[0m.
[    4.045543] systemd[1]: Listening on Journal Socket.
[[0;32m  OK  [0m] Listening on [0;1;39mJournal Socket[0m.
[    4.065688] systemd[1]: Listening on Network Service Netlink Socket.
[[0;32m  OK  [0m] Listening on [0;1;39mNetwork Service Netlink Socket[0m.
[    4.093286] systemd[1]: Listening on udev Control Socket.
[[0;32m  OK  [0m] Listening on [0;1;39mudev Control Socket[0m.
[    4.113425] systemd[1]: Listening on udev Kernel Socket.
[[0;32m  OK  [0m] Listening on [0;1;39mudev Kernel Socket[0m.
[    4.133524] systemd[1]: Listening on User Database Manager Socket.
[[0;32m  OK  [0m] Listening on [0;1;39mUser Database Manager Socket[0m.
[    4.189090] systemd[1]: Mounting Huge Pages File System...
         Mounting [0;1;39mHuge Pages File System[0m...
[    4.208717] systemd[1]: Mounting POSIX Message Queue File System...
         Mounting [0;1;39mPOSIX Message Queue File System[0m...
[    4.237020] systemd[1]: Mounting Kernel Debug File System...
         Mounting [0;1;39mKernel Debug File System[0m...
[    4.253410] systemd[1]: Kernel Trace File System was skipped because of an unmet condition check (ConditionPathExists=/sys/kernel/tracing).
[    4.271308] systemd[1]: Mounting Temporary Directory /tmp...
         Mounting [0;1;39mTemporary Directory /tmp[0m...
[    4.294179] systemd[1]: Starting Create List of Static Device Nodes...
         Starting [0;1;39mCreate List of Static Device Nodes[0m...
[    4.335007] systemd[1]: Starting Load Kernel Module configfs...
         Starting [0;1;39mLoad Kernel Module configfs[0m...
[    4.357215] systemd[1]: Starting Load Kernel Module drm...
         Starting [0;1;39mLoad Kernel Module drm[0m...
[    4.377233] systemd[1]: Starting Load Kernel Module fuse...
         Starting [0;1;39mLoad Kernel Module fuse[0m...
[    4.408137] systemd[1]: Starting Start psplash boot splash screen...
         Starting [0;1;39mStart psplash boot splash screen[0m.[    4.414966] fuse: init (API version 7.39)
..
[    4.439504] systemd[1]: Starting RPC Bind...
         Starting [0;1;39mRPC Bind[0m...
[    4.453270] systemd[1]: File System Check on Root Device was skipped because of an unmet condition check (ConditionPathIsReadWrite=!/).
[    4.473668] systemd[1]: Starting Journal Service...
         Starting [0;1;39mJournal Service[0m...
[    4.585360] systemd[1]: Starting Load Kernel Modules...
         Starting [0;1;39mLoad Kernel Modules[0m...
[    4.605163] systemd[1]: Starting Generate network units from Kernel command line...
         Starting [0;1;39mGenerate network units from Kernel command line[0m...
[    4.633758] systemd[1]: Starting Remount Root and Kernel File Systems...
[    4.634240] systemd-journald[131]: Collecting audit messages is enabled.
         Starting [0;1;39mRemount Root and Kernel File Systems[    4.650289] cryptodev: loading out-of-tree module taints kernel.
[0m...
[    4.657183] systemd[1]: Starting Coldplug All udev Devices...
         Starting [0;1;39mColdplug All udev Devices[0m...[    4.668895] cryptodev: driver 1.14 loaded.

[    4.693607] systemd[1]: Started RPC Bind.
[[0;32m  OK  [0m] Started [0;1;39mRPC Bind[0m.
[    4.711323] systemd[1]: Mounted Huge Pages File System.
[[0;32m  OK  [0m] Mounted [0;1;39mHuge Pages File System[0m.[    4.721844] EXT4-fs (mmcblk1p2): re-mounted d5ae6b03-446f-4188-9396-67513a370fde r/w. Quota mode: none.

[    4.742988] systemd[1]: Started Journal Service.
[[0;32m  OK  [0m] Started [0;1;39mJournal Service[0m.
[[0;32m  OK  [0m] Mounted [0;1;39mPOSIX Message Queue File System[0m.
[[0;32m  OK  [0m] Mounted [0;1;39mKernel Debug File System[0m.
[[0;32m  OK  [0m] Mounted [0;1;39mTemporary Directory /tmp[0m.
[[0;32m  OK  [0m] Finished [0;1;39mCreate List of Static Device Nodes[0m.
[[0;32m  OK  [0m] Finished [0;1;39mLoad Kernel Module configfs[0m.
[[0;32m  OK  [0m] Finished [0;1;39mLoad Kernel Module drm[0m.
[[0;32m  OK  [0m] Finished [0;1;39mLoad Kernel Module fuse[0m.
[[0;1;31mFAILED[0m] Failed to start [0;1;39mStart psplash boot splash screen[0m.
See 'systemctl status psplash-start.service' for details.
[[0;1;38;5;185mDEPEND[0m] Dependency failed for [0;1;39mStart psplasâ€¦temd progress communication helper[0m.
[[0;32m  OK  [0m] Finished [0;1;39mLoad Kernel Modules[0m.
[[0;32m  OK  [0m] Finished [0;1;39mGenerate network units from Kernel command line[0m.
[[0;32m  OK  [0m] Finished [0;1;39mRemount Root and Kernel File Systems[0m.
         Mounting [0;1;39mFUSE Control File System[0m...
         Mounting [0;1;39mKernel Configuration File System[0m...
         Starting [0;1;39mFlush Journal to Persistent Storage[0m...
         Starting [0;1;39mApply Kernel Variables[0m...
[    5.093737] systemd-journald[131]: Received client request to flush runtime journal.
         Starting [0;1;39mCreate Static Device Nodes in /dev gracefully[0m...
[[0;32m  OK  [0m] Mounted [0;1;39mFUSE Control File System[0m.
[[0;32m  OK  [0m] Mounted [0;1;39mKernel Configuration File System[0m.
[[0;32m  OK  [0m] Finished [0;1;39mFlush Journal to Persistent Storage[0m.
[[0;32m  OK  [0m] Finished [0;1;39mApply Kernel Variables[0m.
[[0;32m  OK  [0m] Finished [0;1;39mCreate Static Device Nodes in /dev gracefully[0m.
         Starting [0;1;39mCreate Static Device Nodes in /dev[0m...
[[0;32m  OK  [0m] Finished [0;1;39mCreate Static Device Nodes in /dev[0m.
[[0;32m  OK  [0m] Reached target [0;1;39mPreparation for Local File Systems[0m.
         Mounting [0;1;39m/var/volatile[0m...
[    5.363416] audit: type=1334 audit(1728487094.380:2): prog-id=6 op=LOAD
[    5.370141] audit: type=1334 audit(1728487094.392:3): prog-id=7 op=LOAD
         Starting [0;1;39mRule-based Manager for Device Events and Files[0m...
[[0;32m  OK  [0m] Finished [0;1;39mColdplug All udev Devices[0m.
[[0;32m  OK  [0m] Mounted [0;1;39m/var/volatile[0m.
         Starting [0;1;39mLoad/Save OS Random Seed[0m...
[[0;32m  OK  [0m] Reached target [0;1;39mLocal File Systems[0m.
         Starting [0;1;39mCreate System Files and Directories[0m...
[[0;32m  OK  [0m] Finished [0;1;39mLoad/Save OS Random Seed[0m.
[[0;32m  OK  [0m] Finished [0;1;39mCreate System Files and Directories[0m.
[    5.574705] audit: type=1334 audit(1728487094.592:4): prog-id=8 op=LOAD
         Starting [0;1;39mNetwork Name Resolution[0m...
[    5.620516] audit: type=1334 audit(1728487094.636:5): prog-id=9 op=LOAD
         Starting [0;1;39mNetwork Time Synchronization[0m...
         Starting [0;1;39mRecord System Boot/Shutdown in UTMP[0m...
[    5.679165] audit: type=1334 audit(1728487094.696:6): prog-id=10 op=LOAD
[    5.685995] audit: type=1334 audit(1728487094.704:7): prog-id=11 op=LOAD
[    5.692811] audit: type=1334 audit(1728487094.712:8): prog-id=12 op=LOAD
         Starting [0;1;39mUser Database Manager[0m...
[[0;32m  OK  [0m] Finished [0;1;39mRecord System Boot/Shutdown in UTMP[0m.
[[0;32m  OK  [0m] Started [0;1;39mUser Database Manager[0m.
[[0;32m  OK  [0m] Started [0;1;39mRule-based Manager for Device Events and Files[0m.
[[0;32m  OK  [0m] Found device [0;1;39m/dev/ttyS2[0m.
[    6.069126] mtdblock: MTD device 'ospi_nand.tispl' is NAND, please consider using UBI block devices instead.
[    6.073242] mtdblock: MTD device 'ospi_nand.env' is NAND, please consider using UBI block devices instead.
[    6.090389] mtdblock: MTD device 'ospi_nand.env.backup' is NAND, please consider using UBI block devices instead.
[    6.097232] mtdblock: MTD device 'ospi_nand.u-boot' is NAND, please consider using UBI block devices instead.
[    6.101282] mtdblock: MTD device 'ospi_nand.phypattern' is NAND, please consider using UBI block devices instead.
[    6.105285] mtdblock: MTD device 'ospi_nand.tiboot3' is NAND, please consider using UBI block devices instead.
[    6.111588] mtdblock: MTD device 'ospi_nand.rootfs' is NAND, please consider using UBI block devices instead.
[[0;32m  OK  [0m] Started [0;1;39mNetwork Time Synchronization[0m.
[[0;32m  OK  [0m] Reached target [0;1;39mSystem Time Set[0m.
[[0;32m  OK  [0m] Started [0;1;39mNetwork Name Resolution[0m.
[[0;32m  OK  [0m] Reached target [0;1;39mHost and Network Name Lookups[0m.
[[0;32m  OK  [0m] Reached target [0;1;39mSystem Initialization[0m.
